Component: ARM Compiler 5.06 update 3 (build 300) Tool: armlink [4d35c9]

==============================================================================

Section Cross References

    stm32f10x_rcc.o(i.RCC_GetClocksFreq) refers to stm32f10x_rcc.o(.data) for .data
    stm32f10x_rcc.o(i.RCC_WaitForHSEStartUp) refers to stm32f10x_rcc.o(i.RCC_GetFlagStatus) for RCC_GetFlagStatus
    stm32f10x_gpio.o(i.GPIO_AFIODeInit) refers to stm32f10x_rcc.o(i.RCC_APB2PeriphResetCmd) for RCC_APB2PeriphResetCmd
    stm32f10x_gpio.o(i.GPIO_DeInit) refers to stm32f10x_rcc.o(i.RCC_APB2PeriphResetCmd) for RCC_APB2PeriphResetCmd
    stm32f10x_usart.o(i.USART_DeInit) refers to stm32f10x_rcc.o(i.RCC_APB2PeriphResetCmd) for RCC_APB2PeriphResetCmd
    stm32f10x_usart.o(i.USART_DeInit) refers to stm32f10x_rcc.o(i.RCC_APB1PeriphResetCmd) for RCC_APB1PeriphResetCmd
    stm32f10x_usart.o(i.USART_Init) refers to stm32f10x_rcc.o(i.RCC_GetClocksFreq) for RCC_GetClocksFreq
    stm32f10x_tim.o(i.TIM_DeInit) refers to stm32f10x_rcc.o(i.RCC_APB1PeriphResetCmd) for RCC_APB1PeriphResetCmd
    stm32f10x_tim.o(i.TIM_DeInit) refers to stm32f10x_rcc.o(i.RCC_APB2PeriphResetCmd) for RCC_APB2PeriphResetCmd
    stm32f10x_tim.o(i.TIM_ETRClockMode1Config) refers to stm32f10x_tim.o(i.TIM_ETRConfig) for TIM_ETRConfig
    stm32f10x_tim.o(i.TIM_ETRClockMode2Config) refers to stm32f10x_tim.o(i.TIM_ETRConfig) for TIM_ETRConfig
    stm32f10x_tim.o(i.TIM_ICInit) refers to stm32f10x_tim.o(i.TI1_Config) for TI1_Config
    stm32f10x_tim.o(i.TIM_ICInit) refers to stm32f10x_tim.o(i.TIM_SetIC1Prescaler) for TIM_SetIC1Prescaler
    stm32f10x_tim.o(i.TIM_ICInit) refers to stm32f10x_tim.o(i.TI2_Config) for TI2_Config
    stm32f10x_tim.o(i.TIM_ICInit) refers to stm32f10x_tim.o(i.TIM_SetIC2Prescaler) for TIM_SetIC2Prescaler
    stm32f10x_tim.o(i.TIM_ICInit) refers to stm32f10x_tim.o(i.TIM_SetIC3Prescaler) for TIM_SetIC3Prescaler
    stm32f10x_tim.o(i.TIM_ICInit) refers to stm32f10x_tim.o(i.TIM_SetIC4Prescaler) for TIM_SetIC4Prescaler
    stm32f10x_tim.o(i.TIM_ITRxExternalClockConfig) refers to stm32f10x_tim.o(i.TIM_SelectInputTrigger) for TIM_SelectInputTrigger
    stm32f10x_tim.o(i.TIM_PWMIConfig) refers to stm32f10x_tim.o(i.TI2_Config) for TI2_Config
    stm32f10x_tim.o(i.TIM_PWMIConfig) refers to stm32f10x_tim.o(i.TIM_SetIC2Prescaler) for TIM_SetIC2Prescaler
    stm32f10x_tim.o(i.TIM_PWMIConfig) refers to stm32f10x_tim.o(i.TI1_Config) for TI1_Config
    stm32f10x_tim.o(i.TIM_PWMIConfig) refers to stm32f10x_tim.o(i.TIM_SetIC1Prescaler) for TIM_SetIC1Prescaler
    stm32f10x_tim.o(i.TIM_TIxExternalClockConfig) refers to stm32f10x_tim.o(i.TI1_Config) for TI1_Config
    stm32f10x_tim.o(i.TIM_TIxExternalClockConfig) refers to stm32f10x_tim.o(i.TIM_SelectInputTrigger) for TIM_SelectInputTrigger
    stm32f10x_tim.o(i.TIM_TIxExternalClockConfig) refers to stm32f10x_tim.o(i.TI2_Config) for TI2_Config
    stm32f10x_pwr.o(i.PWR_DeInit) refers to stm32f10x_rcc.o(i.RCC_APB1PeriphResetCmd) for RCC_APB1PeriphResetCmd
    stm32f10x_flash.o(i.FLASH_EnableWriteProtection) refers to stm32f10x_flash.o(i.FLASH_WaitForLastOperation) for FLASH_WaitForLastOperation
    stm32f10x_flash.o(i.FLASH_EraseAllBank1Pages) refers to stm32f10x_flash.o(i.FLASH_WaitForLastBank1Operation) for FLASH_WaitForLastBank1Operation
    stm32f10x_flash.o(i.FLASH_EraseAllPages) refers to stm32f10x_flash.o(i.FLASH_WaitForLastOperation) for FLASH_WaitForLastOperation
    stm32f10x_flash.o(i.FLASH_EraseOptionBytes) refers to stm32f10x_flash.o(i.FLASH_GetReadOutProtectionStatus) for FLASH_GetReadOutProtectionStatus
    stm32f10x_flash.o(i.FLASH_EraseOptionBytes) refers to stm32f10x_flash.o(i.FLASH_WaitForLastOperation) for FLASH_WaitForLastOperation
    stm32f10x_flash.o(i.FLASH_ErasePage) refers to stm32f10x_flash.o(i.FLASH_WaitForLastOperation) for FLASH_WaitForLastOperation
    stm32f10x_flash.o(i.FLASH_ProgramHalfWord) refers to stm32f10x_flash.o(i.FLASH_WaitForLastOperation) for FLASH_WaitForLastOperation
    stm32f10x_flash.o(i.FLASH_ProgramOptionByteData) refers to stm32f10x_flash.o(i.FLASH_WaitForLastOperation) for FLASH_WaitForLastOperation
    stm32f10x_flash.o(i.FLASH_ProgramWord) refers to stm32f10x_flash.o(i.FLASH_WaitForLastOperation) for FLASH_WaitForLastOperation
    stm32f10x_flash.o(i.FLASH_ReadOutProtection) refers to stm32f10x_flash.o(i.FLASH_WaitForLastOperation) for FLASH_WaitForLastOperation
    stm32f10x_flash.o(i.FLASH_UserOptionByteConfig) refers to stm32f10x_flash.o(i.FLASH_WaitForLastOperation) for FLASH_WaitForLastOperation
    stm32f10x_flash.o(i.FLASH_WaitForLastBank1Operation) refers to stm32f10x_flash.o(i.FLASH_GetBank1Status) for FLASH_GetBank1Status
    stm32f10x_flash.o(i.FLASH_WaitForLastOperation) refers to stm32f10x_flash.o(i.FLASH_GetBank1Status) for FLASH_GetBank1Status
    stm32f10x_spi.o(i.I2S_Init) refers to stm32f10x_rcc.o(i.RCC_GetClocksFreq) for RCC_GetClocksFreq
    stm32f10x_spi.o(i.SPI_I2S_DeInit) refers to stm32f10x_rcc.o(i.RCC_APB2PeriphResetCmd) for RCC_APB2PeriphResetCmd
[...]
    SCSI_BlkLen                              0x20000230   Data           4  usb_bot.o(.data)
    MASS_StringSerial                        0x20000234   Data          26  usb_desc.o(.data)
    pEpInt_IN                                0x20000250   Data          28  usb_istr.o(.data)
    pEpInt_OUT                               0x2000026c   Data          28  usb_istr.o(.data)
    wIstr                                    0x20000288   Data           2  usb_istr.o(.data)
    Max_Lun                                  0x2000028c   Data           1  usb_prop.o(.data)
    Device_Descriptor                        0x20000290   Data           8  usb_prop.o(.data)
    Config_Descriptor                        0x20000298   Data           8  usb_prop.o(.data)
    Device_Property                          0x200002a0   Data          48  usb_prop.o(.data)
    String_Descriptor                        0x200002d0   Data          40  usb_prop.o(.data)
    Device_Table                             0x200002f8   Data           2  usb_prop.o(.data)
    User_Standard_Requests                   0x200002fc   Data          36  usb_prop.o(.data)
    bDeviceState                             0x20000320   Data           4  usb_pwr.o(.data)
    screen_width                             0x200003a4   Data           2  tft_core.o(.data)
    screen_height                            0x200003a6   Data           2  tft_core.o(.data)
    circle                                   0x200003ae   Data          48  snsgui.o(.data)
    drawSnsArcFunc                           0x200003e0   Data          20  snsgui.o(.data)
    TransferError                            0x20000407   Data           1  sdio_sdcard.o(.data)
    TransferEnd                              0x20000408   Data           1  sdio_sdcard.o(.data)
    tempbuff                                 0x20000410   Data           4  sdio_sdcard.o(.data)
    __stdout                                 0x20000418   Data           4  stdout.o(.data)
    sector_buf                               0x20000420   Data         512  sdrr.o(.bss)
    tSDRR                                    0x20000620   Data          30  sdrr.o(.bss)
    spi_flash_buf                            0x2000063e   Data        4096  spi_flash_interface.o(.bss)
    tTimerPwrOffDetTrigger                   0x200016b0   Data          28  extidrv.o(.bss)
    tTimerPCF8563                            0x200016cc   Data          28  pcf8563.o(.bss)
    debugQObj                                0x200017e8   Data          68  debug_queue.o(.bss)
    AD_Value                                 0x2000182c   Data          60  adc_drv.o(.bss)
    WifiQObj                                 0x200019f4   Data          68  wifi_queue.o(.bss)
    tTimerWiFiRoutine                        0x20001a38   Data          28  gizwits_port.o(.bss)
    product_key_buf                          0x20001a70   Data          32  gizwits_port.o(.bss)
    product_secret_buf                       0x20001a90   Data          32  gizwits_port.o(.bss)
    currentDataPoint                         0x20001ab0   Data         157  gizwits_product.o(.bss)
    gizwitsProtocol                          0x20001b4d   Data        1003  gizwits_protocol.o(.bss)
    pRb                                      0x20001f38   Data          16  gizwits_protocol.o(.bss)
    rx_ppb                                   0x20002044   Data          36  hcho_sensor.o(.bss)
    tTimerCO2GetVal                          0x2000219c   Data          28  co2.o(.bss)
    tTimerCO2SendCmd                         0x200021b8   Data          28  co2.o(.bss)
    tTimerCO2TipErase                        0x200021f0   Data          28  co2.o(.bss)
    FlashDiskFatFs                           0x2000220c   Data         560  fatfs_demo.o(.bss)
    SDDiskFatFs                              0x2000247c   Data         560  fatfs_demo.o(.bss)
    Lfname                                   0x200026ac   Data          51  fatfs_demo.o(.bss)
    fileFIL                                  0x200026e0   Data          44  fatfs_demo.o(.bss)
    sdFIL                                    0x2000270c   Data          44  fatfs_demo.o(.bss)
    diskInfo                                 0x20002738   Data          24  fatfs_demo.o(.bss)
    Device_Info                              0x200027dc   Data          28  usb_init.o(.bss)
    Mass_Memory_Size                         0x200027f8   Data          16  mass_mal.o(.bss)
    Data_Buffer                              0x20002808   Data        1024  memory.o(.bss)
    Bulk_Data_Buff                           0x20002c08   Data          64  usb_bot.o(.bss)
    CBW                                      0x20002c48   Data          32  usb_bot.o(.bss)
    CSW                                      0x20002c68   Data          16  usb_bot.o(.bss)
    dmaStructure                             0x20002c78   Data          44  tft_dma.o(.bss)
    dmaBuffer                                0x20002ca4   Data        4096  tft_dma.o(.bss)
    snsTurn                                  0x20003ca4   Data          10  snsgui.o(.bss)
    tTimerTurnCircle                         0x20003cb0   Data          28  snsgui.o(.bss)
    gui                                      0x20003ccc   Data         100  ugui_demo.o(.bss)
    SDCardInfo                               0x20003d50   Data          88  sdio_sdcard.o(.bss)
    SDIO_DATA_BUFFER                         0x20003da8   Data         512  sdio_sdcard.o(.bss)
    __initial_sp                             0x20004828   Data           0  startup_stm32f10x_hd.o(STACK)



==============================================================================

Memory Map of the image

  Image Entry point : 0x08008131

  Load Region LR_IROM1 (Base: 0x08008000, Size: 0x0001e3a0, Max: 0x00038000, ABSOLUTE, COMPRESSED[0x0001e0d4])

    Execution Region ER_IROM1 (Base: 0x08008000, Size: 0x0001df80, Max: 0x00038000, ABSOLUTE)

    Base Addr    Size         Type   Attr      Idx    E Section Name        Object

    0x08008000   0x00000130   Data   RO         5081    RESET               startup_stm32f10x_hd.o
    0x08008130   0x00000000   Code   RO        10664  * .ARM.Collect$$$$00000000  mc_w.l(entry.o)
    0x08008130   0x00000004   Code   RO        11007    .ARM.Collect$$$$00000001  mc_w.l(entry2.o)
    0x08008134   0x00000004   Code   RO        11010    .ARM.Collect$$$$00000004  mc_w.l(entry5.o)
    0x08008138   0x00000000   Code   RO        11012    .ARM.Collect$$$$00000008  mc_w.l(entry7b.o)
    0x08008138   0x00000000   Code   RO        11014    .ARM.Collect$$$$0000000A  mc_w.l(entry8b.o)
    0x08008138   0x00000008   Code   RO        11015    .ARM.Collect$$$$0000000B  mc_w.l(entry9a.o)
    0x08008140   0x00000000   Code   RO        11017    .ARM.Collect$$$$0000000D  mc_w.l(entry10a.o)
    0x08008140   0x00000000   Code   RO        11019    .ARM.Collect$$$$0000000F  mc_w.l(entry11a.o)
    0x08008140   0x00000004   Code   RO        11008    .ARM.Collect$$$$00002712  mc_w.l(entry2.o)
    0x08008144   0x0000000c   Code   RO         5177    .emb_text           sys.o
    0x08008150   0x00000024   Code   RO         5082    .text               startup_stm32f10x_hd.o
    0x08008174   0x00000062   Code   RO        10667    .text               mc_w.l(uldiv.o)
    0x080081d6   0x00000062   Code   RO        10669    .text               mc_w.l(ldiv.o)
    0x08008238   0x00000024   Code   RO        10673    .text               mc_w.l(memcpya.o)
    0x0800825c   0x00000024   Code   RO        10675    .text               mc_w.l(memseta.o)
    0x08008280   0x00000024   Code   RO        10677    .text               mc_w.l(strstr.o)
    0x080082a4   0x00000018   Code   RO        10679    .text               mc_w.l(strncpy.o)
    0x080082bc   0x00000014   Code   RO        10681    .text               mc_w.l(strchr.o)
    0x080082d0   0x0000000e   Code   RO        10683    .text               mc_w.l(strlen.o)
    0x080082de   0x0000001a   Code   RO        10685    .text               mc_w.l(memcmp.o)
    0x080082f8   0x00000020   Code   RO        10689    .text               mc_w.l(strrchr.o)
    0x08008318   0x00000070   Code   RO        10954    .text               mc_w.l(strtol.o)
    0x08008388   0x000000b0   Code   RO        10956    .text               mf_w.l(fadd.o)
    0x08008438   0x0000014e   Code   RO        10962    .text               mf_w.l(dadd.o)
    0x08008586   0x000000e4   Code   RO        10964    .text               mf_w.l(dmul.o)
    0x0800866a   0x000000de   Code   RO        10966    .text               mf_w.l(ddiv.o)
    0x08008748   0x0000002e   Code   RO        10968    .text               mf_w.l(dscalb.o)
    0x08008776   0x0000000a   Code   RO        10970    .text               mf_w.l(ffltui.o)
    0x08008780   0x00000022   Code   RO        10972    .text               mf_w.l(dflti.o)
    0x080087a2   0x0000001a   Code   RO        10974    .text               mf_w.l(dfltui.o)
    0x080087bc   0x0000003e   Code   RO        10978    .text               mf_w.l(dfixi.o)
    0x080087fa   0x00000032   Code   RO        10980    .text               mf_w.l(dfixui.o)
    0x0800882c   0x00000026   Code   RO        10982    .text               mf_w.l(f2d.o)
    0x08008852   0x00000002   PAD
    0x08008854   0x00000030   Code   RO        10984    .text               mf_w.l(cdcmple.o)
    0x08008884   0x00000030   Code   RO        10986    .text               mf_w.l(cdrcmple.o)
    0x080088b4   0x00000014   Code   RO        10988    .text               mf_w.l(cfcmple.o)
    0x080088c8   0x00000014   Code   RO        10990    .text               mf_w.l(cfrcmple.o)
    0x080088dc   0x0000002c   Code   RO        11022    .text               mc_w.l(uidiv.o)
    0x08008908   0x0000001e   Code   RO        11024    .text               mc_w.l(llshl.o)
    0x08008926   0x00000020   Code   RO        11026    .text               mc_w.l(llushr.o)
    0x08008946   0x00000024   Code   RO        11028    .text               mc_w.l(llsshr.o)
    0x0800896a   0x00000002   PAD
    0x0800896c   0x00000008   Code   RO        11030    .text               mc_w.l(ctype_o.o)
    0x08008974   0x0000009e   Code   RO        11065    .text               mc_w.l(_strtoul.o)
    0x08008a12   0x00000000   Code   RO        11067    .text               mc_w.l(iusefp.o)
    0x08008a12   0x0000006e   Code   RO        11068    .text               mf_w.l(fepilogue.o)
    0x08008a80   0x000000ba   Code   RO        11070    .text               mf_w.l(depilogue.o)
    0x08008b3a   0x00000030   Code   RO        11072    .text               mf_w.l(dfixul.o)
    0x08008b6a   0x00000002   PAD
    0x08008b6c   0x00000024   Code   RO        11076    .text               mc_w.l(init.o)
    0x08008b90   0x0000001c   Code   RO        11078    .text               mc_w.l(_chval.o)
    0x08008bac   0x00000056   Code   RO        11088    .text               mc_w.l(__dczerorl2.o)
    0x08008c02   0x00000002   PAD
    0x08008c04   0x0000009c   Code   RO         4629    i.ADCDrv_DMALaunch  adc_drv.o
    0x08008ca0   0x00000048   Code   RO         4630    i.ADCDrv_DrawBatCapacity  adc_drv.o
    0x08008ce8   0x00000014   Code   RO         1706    i.ADC_Cmd           stm32f10x_adc.o
    0x08008cfc   0x00000014   Code   RO         1707    i.ADC_DMACmd        stm32f10x_adc.o
    0x08008d10   0x00000044   Code   RO         1708    i.ADC_DeInit        stm32f10x_adc.o
    0x08008d54   0x0000000e   Code   RO         1714    i.ADC_GetCalibrationStatus  stm32f10x_adc.o
    0x08008d62   0x0000000e   Code   RO         1720    i.ADC_GetResetCalibrationStatus  stm32f10x_adc.o
    0x08008d70   0x00000048   Code   RO         1724    i.ADC_Init          stm32f10x_adc.o
    0x08008db8   0x00000074   Code   RO         1728    i.ADC_RegularChannelConfig  stm32f10x_adc.o
    0x08008e2c   0x0000000a   Code   RO         1729    i.ADC_ResetCalibration  stm32f10x_adc.o
    0x08008e36   0x00000014   Code   RO         1731    i.ADC_SoftwareStartConvCmd  stm32f10x_adc.o
    0x08008e4a   0x0000000a   Code   RO         1733    i.ADC_StartCalibration  stm32f10x_adc.o
    0x08008e54   0x0000001c   Code   RO         1735    i.ADC_TempSensorVrefintCmd  stm32f10x_adc.o
    0x08008e70   0x00000270   Code   RO         2912    i.AppInit           application.o
    0x080090e0   0x0000000c   Code   RO         2913    i.App_GetRunMode    application.o
    0x080090ec   0x00000012   Code   RO         4398    i.BCD2HEX           pcf8563.o
    0x080090fe   0x00000002   PAD
    0x08009100   0x0000000c   Code   RO         4780    i.BatLev_GetPercent  batterylevel.o
    0x0800910c   0x00000064   Code   RO         4781    i.BatLev_VoltToPercent  batterylevel.o
    0x08009170   0x0000001c   Code   RO         4782    i.BatteryIsCharging  batterylevel.o
    0x0800918c   0x0000002c   Code   RO         4850    i.Beep              beep_drv.o
    0x080091b8   0x0000000a   Code   RO         4851    i.Beep_Ctrl         beep_drv.o
    0x080091c2   0x00000002   PAD
    0x080091c4   0x00000028   Code   RO         4852    i.Beep_Init         beep_drv.o
    0x080091ec   0x000000a8   Code   RO        10443    i.Board_GpioInit    board_airdog_v12.o
    0x08009294   0x00000032   Code   RO         7632    i.Bot_Abort         usb_bot.o
    0x080092c6   0x00000002   Code   RO         2766    i.BusFault_Handler  stm32f10x_it.o
    0x080092c8   0x0000000a   Code   RO         7062    i.ByteSwap          usb_regs.o
    0x080092d2   0x00000002   PAD
    0x080092d4   0x00000198   Code   RO         7633    i.CBW_Decode        usb_bot.o
    0x0800946c   0x00000048   Code   RO         6109    i.CO2_ExitBackgndCali  co2.o
    0x080094b4   0x00000058   Code   RO         6110    i.CO2_PacketCheck   co2.o
    0x0800950c   0x00000018   Code   RO         6112    i.CO2_SendCmdCalibration_Step1  co2.o
    0x08009524   0x00000018   Code   RO         6113    i.CO2_SendCmdCalibration_Step2  co2.o
    0x0800953c   0x00000018   Code   RO         6115    i.CO2_SendCmdCalibration_Step4  co2.o
    0x08009554   0x00000018   Code   RO         6119    i.CO2_SendCmdReadCO2AndMeterStatus  co2.o
    0x0800956c   0x0000005c   Code   RO         6122    i.CO2_Sensor_Init   co2.o
    0x080095c8   0x00000030   Code   RO         6123    i.CO2_StartBackgndCali  co2.o
    0x080095f8   0x00000080   Code   RO         7014    i.CTR_HP            usb_int.o
    0x08009678   0x00000158   Code   RO         7015    i.CTR_LP            usb_int.o
    0x080097d0   0x000000b4   Code   RO         4317    i.CapKey_Init       extidrv.o
    0x08009884   0x00000028   Code   RO         7063    i.ClearDTOG_RX      usb_regs.o
    0x080098ac   0x00000028   Code   RO         7064    i.ClearDTOG_TX      usb_regs.o
    0x080098d4   0x00000020   Code   RO         7069    i.Clear_Status_Out  usb_regs.o
    0x080098f4   0x00000028   Code   RO        10244    i.CmdError          sdio_sdcard.o
    0x0800991c   0x0000003c   Code   RO        10245    i.CmdResp1Error     sdio_sdcard.o
    0x08009958   0x00000044   Code   RO        10246    i.CmdResp2Error     sdio_sdcard.o
    0x0800999c   0x00000028   Code   RO        10247    i.CmdResp3Error     sdio_sdcard.o
    0x080099c4   0x00000068   Code   RO        10248    i.CmdResp6Error     sdio_sdcard.o
    0x08009a2c   0x00000040   Code   RO        10249    i.CmdResp7Error     sdio_sdcard.o
    0x08009a6c   0x00000030   Code   RO         4637    i.DMA1_Channel1_IRQHandler  adc_drv.o
    0x08009a9c   0x0000002c   Code   RO         8297    i.DMA2_Channel1_IRQHandler  tft_dma.o
    0x08009ac8   0x0000002c   Code   RO         8298    i.DMA2_Channel2_IRQHandler  tft_dma.o
    0x08009af4   0x00000018   Code   RO         2365    i.DMA_ClearFlag     stm32f10x_dma.o
    0x08009b0c   0x00000018   Code   RO         2366    i.DMA_ClearITPendingBit  stm32f10x_dma.o
    0x08009b24   0x00000016   Code   RO         2367    i.DMA_Cmd           stm32f10x_dma.o
    0x08009b3a   0x00000002   PAD
    0x08009b3c   0x000000e4   Code   RO         2368    i.DMA_DeInit        stm32f10x_dma.o
    0x08009c20   0x00000020   Code   RO         2371    i.DMA_GetITStatus   stm32f10x_dma.o
    0x08009c40   0x00000010   Code   RO         2372    i.DMA_ITConfig      stm32f10x_dma.o
    0x08009c50   0x0000003a   Code   RO         2373    i.DMA_Init          stm32f10x_dma.o
    0x08009c8a   0x00000002   PAD
    0x08009c8c   0x000000b4   Code   RO         6869    i.DataStageIn       usb_core.o
    0x08009d40   0x000000a4   Code   RO         6870    i.DataStageOut      usb_core.o
    0x08009de4   0x0000019c   Code   RO         6871    i.Data_Setup0       usb_core.o
    0x08009f80   0x00000002   Code   RO         2767    i.DebugMon_Handler  stm32f10x_it.o
    0x08009f82   0x00000002   PAD
    0x08009f84   0x00000054   Code   RO         4578    i.DebugQueue_Init   debug_queue.o
    0x08009fd8   0x00000004   Code   RO         7697    i.EP1_IN_Callback   usb_endp.o
    0x08009fdc   0x00000004   Code   RO         7698    i.EP2_OUT_Callback  usb_endp.o
    0x08009fe0   0x00000148   Code   RO         4318    i.EXTI15_10_IRQHandler  extidrv.o
    0x0800a128   0x00000034   Code   RO         4223    i.EXTI1_IRQHandler  sw_uart.o
    0x0800a15c   0x00000034   Code   RO         4271    i.EXTI3_IRQHandler  sw_uart2.o
    0x0800a190   0x00000054   Code   RO         4319    i.EXTI9_5_IRQHandler  extidrv.o
    0x0800a1e4   0x00000070   Code   RO         2443    i.EXTI_Init         stm32f10x_exti.o
    0x0800a254   0x00000014   Code   RO         4320    i.ExtiDrv_Init      extidrv.o
    0x0800a268   0x00000188   Code   RO         6368    i.FILE_FormatDisk   fatfs_demo.o
    0x0800a3f0   0x000001e4   Code   RO         6369    i.FILE_GetLastItemIndex  fatfs_demo.o
    0x0800a5d4   0x0000000c   Code   RO         6370    i.FILE_GetLock      fatfs_demo.o
    0x0800a5e0   0x00000254   Code   RO         6372    i.FILE_Open         fatfs_demo.o
    0x0800a834   0x00000012   Code   RO         6373    i.FILE_ReadConfig   fatfs_demo.o
    0x0800a846   0x00000022   Code   RO         6377    i.FILE_TimeStampToFileName  fatfs_demo.o
    0x0800a868   0x00000108   Code   RO         6378    i.FILE_Write        fatfs_demo.o
    0x0800a970   0x00000070   Code   RO         9024    i.FONT1016_Draw_Subscript2  font_api.o
    0x0800a9e0   0x00000088   Code   RO         9030    i.FONT3224_DrawNum  font_api.o
    0x0800aa68   0x00000028   Code   RO         6379    i.FatFs_Demo        fatfs_demo.o
    0x0800aa90   0x000000d8   Code   RO        10250    i.FindSCR           sdio_sdcard.o
    0x0800ab68   0x00000002   Code   RO         4928    i.FlashFont_Task    flash_font.o
    0x0800ab6a   0x00000002   PAD
    0x0800ab6c   0x00000028   Code   RO          338    i.GPIO_EXTILineConfig  stm32f10x_gpio.o
    0x0800ab94   0x0000009c   Code   RO          341    i.GPIO_Init         stm32f10x_gpio.o
    0x0800ac30   0x00000058   Code   RO          343    i.GPIO_PinRemapConfig  stm32f10x_gpio.o
    0x0800ac88   0x00000004   Code   RO          349    i.GPIO_SetBits      stm32f10x_gpio.o
    0x0800ac8c   0x00000020   Code   RO         7081    i.GetEPRxAddr       usb_regs.o
    0x0800acac   0x00000020   Code   RO         7082    i.GetEPRxCount      usb_regs.o
    0x0800accc   0x00000018   Code   RO         7083    i.GetEPRxStatus     usb_regs.o
    0x0800ace4   0x0000001c   Code   RO         7084    i.GetEPTxAddr       usb_regs.o
    0x0800ad00   0x0000001c   Code   RO         7736    i.Get_Max_Lun       usb_prop.o
    0x0800ad1c   0x00000034   Code   RO         7474    i.Get_SerialNum     hw_config.o
    0x0800ad50   0x00000040   Code   RO         5817    i.HCHO_Sensor_Init  hcho_sensor.o
    0x0800ad90   0x00000016   Code   RO         4399    i.HEX2BCD           pcf8563.o
    0x0800ada6   0x00000002   PAD
    0x0800ada8   0x00000080   Code   RO         5877    i.HW_USART2_IRQHandler  pm25_sensor.o
    0x0800ae28   0x00000002   Code   RO         2768    i.HardFault_Handler  stm32f10x_it.o
    0x0800ae2a   0x00000002   PAD
    0x0800ae2c   0x00000044   Code   RO         9034    i.ICON_DrawBatIsCharging  font_api.o
    0x0800ae70   0x00000044   Code   RO         9035    i.ICON_DrawBattery  font_api.o
    0x0800aeb4   0x000000c0   Code   RO         9036    i.ICON_SetBatPercent  font_api.o
    0x0800af74   0x0000003a   Code   RO         3530    i.IIC_Init          iic_drv.o
    0x0800afae   0x00000004   Code   RO         3532    i.IIC_ReadNByteDirectly  iic_drv.o
    0x0800afb2   0x00000052   Code   RO         3533    i.IIC_ReadNByteDirectly_Raw  iic_drv.o
    0x0800b004   0x00000010   Code   RO         3534    i.IIC_ReadNByteExt  iic_drv.o
    0x0800b014   0x0000005c   Code   RO         3535    i.IIC_ReadNByte_Raw  iic_drv.o
    0x0800b070   0x0000000c   Code   RO         3536    i.IIC_WriteNByte    iic_drv.o
    0x0800b07c   0x0000003e   Code   RO         3537    i.IIC_WriteNByte_Raw  iic_drv.o
    0x0800b0ba   0x00000002   PAD
    0x0800b0bc   0x0000005c   Code   RO         6872    i.In0_Process       usb_core.o
    0x0800b118   0x00000036   Code   RO         7475    i.IntToUnicode      hw_config.o
    0x0800b14e   0x00000002   PAD
    0x0800b150   0x00000074   Code   RO        10251    i.IsCardProgramming  sdio_sdcard.o
    0x0800b1c4   0x00000024   Code   RO         3248    i.JumpToBootloader  os_global.o
    0x0800b1e8   0x00000010   Code   RO        10444    i.LCD_BackLight_Ctrl_Set  board_airdog_v12.o
    0x0800b1f8   0x00000054   Code   RO         8227    i.LCD_Config        tft_core.o
    0x0800b24c   0x00000010   Code   RO        10445    i.LCD_Ctrl_Set      board_airdog_v12.o
    0x0800b25c   0x00000018   Code   RO         8228    i.LCD_exitStandby   tft_core.o
    0x0800b274   0x00000032   Code   RO         8459    i.LCD_fillRect      tft_graph.o
    0x0800b2a6   0x00000002   PAD
    0x0800b2a8   0x00000020   Code   RO         8460    i.LCD_fillScreen    tft_graph.o
    0x0800b2c8   0x000000c8   Code   RO         8229    i.LCD_pinsInit      tft_core.o
    0x0800b390   0x00000026   Code   RO         8461    i.LCD_putPixel      tft_graph.o
    0x0800b3b6   0x00000002   PAD
    0x0800b3b8   0x0000006c   Code   RO         8464    i.LCD_readPixels    tft_graph.o
    0x0800b424   0x00000024   Code   RO         8230    i.LCD_reset         tft_core.o
    0x0800b448   0x00000060   Code   RO         8231    i.LCD_setAddressWindow  tft_core.o
    0x0800b4a8   0x00000024   Code   RO         8232    i.LCD_setOrientation  tft_core.o
    0x0800b4cc   0x00000020   Code   RO         8233    i.LCD_setSpi16      tft_core.o
    0x0800b4ec   0x00000020   Code   RO         8234    i.LCD_setSpi8       tft_core.o
    0x0800b50c   0x00000060   Code   RO         7543    i.MAL_GetStatus     mass_mal.o
    0x0800b56c   0x0000001a   Code   RO         7544    i.MAL_Init          mass_mal.o
    0x0800b586   0x00000036   Code   RO         7545    i.MAL_Read          mass_mal.o
    0x0800b5bc   0x00000038   Code   RO         7546    i.MAL_Write         mass_mal.o
    0x0800b5f4   0x00000040   Code   RO         7737    i.MASS_Data_Setup   usb_prop.o
    0x0800b634   0x0000000c   Code   RO         7738    i.MASS_GetConfigDescriptor  usb_prop.o
    0x0800b640   0x0000000c   Code   RO         7739    i.MASS_GetDeviceDescriptor  usb_prop.o
    0x0800b64c   0x00000020   Code   RO         7740    i.MASS_GetStringDescriptor  usb_prop.o
    0x0800b66c   0x0000000a   Code   RO         7741    i.MASS_Get_Interface_Setting  usb_prop.o
    0x0800b676   0x00000002   PAD
    0x0800b678   0x00000050   Code   RO         7742    i.MASS_NoData_Setup  usb_prop.o
    0x0800b6c8   0x000000e4   Code   RO         7743    i.MASS_Reset        usb_prop.o
    0x0800b7ac   0x00000002   Code   RO         7744    i.MASS_Status_In    usb_prop.o
    0x0800b7ae   0x00000002   Code   RO         7745    i.MASS_Status_Out   usb_prop.o
    0x0800b7b0   0x00000024   Code   RO         7746    i.MASS_init         usb_prop.o
    0x0800b7d4   0x00000010   Code   RO         6124    i.MakeCalibration_Step1  co2.o
    0x0800b7e4   0x00000012   Code   RO         6125    i.MakeCalibration_Step2  co2.o
    0x0800b7f6   0x00000010   Code   RO         6127    i.MakeCalibration_Step4  co2.o
    0x0800b806   0x00000014   Code   RO         6131    i.MakeCmd_ReadCO2AndMeterStatus  co2.o
    0x0800b81a   0x00000002   PAD
    0x0800b81c   0x0000001c   Code   RO         7747    i.Mass_Storage_ClearFeature  usb_prop.o
    0x0800b838   0x00000080   Code   RO         7634    i.Mass_Storage_In   usb_bot.o
    0x0800b8b8   0x00000074   Code   RO         7635    i.Mass_Storage_Out  usb_bot.o
    0x0800b92c   0x00000034   Code   RO         7748    i.Mass_Storage_SetConfiguration  usb_prop.o
    0x0800b960   0x0000000c   Code   RO         7749    i.Mass_Storage_SetDeviceAddress  usb_prop.o
    0x0800b96c   0x00000002   Code   RO         2769    i.MemManage_Handler  stm32f10x_it.o
    0x0800b96e   0x00000002   Code   RO         2770    i.NMI_Handler       stm32f10x_it.o
    0x0800b970   0x00000002   Code   RO         6873    i.NOP_Process       usb_core.o
    0x0800b972   0x00000016   Code   RO         8299    i.NVIC_EnableIRQ    tft_dma.o
    0x0800b988   0x00000064   Code   RO            1    i.NVIC_Init         misc.o
    0x0800b9ec   0x000000d4   Code   RO         6874    i.NoData_Setup0     usb_core.o
    0x0800bac0   0x00000048   Code   RO         3249    i.OS_GetCPUEndianness  os_global.o
    0x0800bb08   0x0000000c   Code   RO         4188    i.OS_GetSysTick     timermanager.o
    0x0800bb14   0x00000014   Code   RO         3250    i.OS_IsTimeout      os_global.o
    0x0800bb28   0x0000000c   Code   RO         3251    i.OS_SetTimeout     os_global.o
    0x0800bb34   0x00000044   Code   RO         3376    i.OS_TimerCheck     os_timer.o
    0x0800bb78   0x0000001a   Code   RO         3377    i.OS_TimerInit      os_timer.o
    0x0800bb92   0x00000002   PAD
    0x0800bb94   0x00000034   Code   RO         3379    i.OS_TimerStart     os_timer.o
    0x0800bbc8   0x00000020   Code   RO         3380    i.OS_TimerStop      os_timer.o
    0x0800bbe8   0x00000048   Code   RO         6875    i.Out0_Process      usb_core.o
    0x0800bc30   0x0000007a   Code   RO         4401    i.PCF8563_GetTime   pcf8563.o
    0x0800bcaa   0x00000002   PAD
    0x0800bcac   0x0000001c   Code   RO         4402    i.PCF8563_IIC_Read  pcf8563.o
    0x0800bcc8   0x00000018   Code   RO         4403    i.PCF8563_IIC_Write  pcf8563.o
    0x0800bce0   0x00000054   Code   RO         4404    i.PCF8563_Init      pcf8563.o
    0x0800bd34   0x0000005e   Code   RO         4406    i.PCF8563_SetDate   pcf8563.o
    0x0800bd92   0x0000000c   Code   RO         4407    i.PCF8563_SetReg    pcf8563.o
    0x0800bd9e   0x0000004c   Code   RO         4408    i.PCF8563_SetTime   pcf8563.o
    0x0800bdea   0x00000002   PAD
    0x0800bdec   0x00000114   Code   RO         5878    i.PM25_AqiCalculate  pm25_sensor.o
    0x0800bf00   0x00000024   Code   RO         5879    i.PM25_Sensor_Init  pm25_sensor.o
    0x0800bf24   0x0000002c   Code   RO         5880    i.PM25_Sensor_PreInit  pm25_sensor.o
    0x0800bf50   0x00000020   Code   RO         7044    i.PMAToUserBufferCopy  usb_mem.o
    0x0800bf70   0x00000008   Code   RO         5240    i.PRODUCT_KEY_STRING  gizwits_port.o
    0x0800bf78   0x00000008   Code   RO         5241    i.PRODUCT_SECRET_STRING  gizwits_port.o
    0x0800bf80   0x0000000c   Code   RO         4811    i.PWM_Cmd           pwm.o
    0x0800bf8c   0x000000b0   Code   RO         4812    i.PWM_Init          pwm.o
    0x0800c03c   0x00000028   Code   RO         4814    i.PWM_SetFreq       pwm.o
    0x0800c064   0x000000ac   Code   RO         5004    i.PWM_TIM5_Init     pwm_tim5.o
    0x0800c110   0x00000008   Code   RO         5005    i.PWM_TIM5_SetDuty  pwm_tim5.o
    0x0800c118   0x0000006c   Code   RO         5006    i.PWM_TIM5_SetDuty_Ch  pwm_tim5.o
    0x0800c184   0x0000002a   Code   RO         4815    i.PWM_TIM_Cmd       pwm.o
    0x0800c1ae   0x00000002   Code   RO         2771    i.PendSV_Handler    stm32f10x_it.o
    0x0800c1b0   0x00000044   Code   RO         6876    i.Post0_Process     usb_core.o
    0x0800c1f4   0x00000034   Code   RO        10446    i.PowerIO_Ctrl      board_airdog_v12.o
    0x0800c228   0x00000074   Code   RO         4321    i.PowerOffDectect_Init  extidrv.o
    0x0800c29c   0x0000002c   Code   RO         7844    i.PowerOn           usb_pwr.o
    0x0800c2c8   0x00000068   Code   RO         4476    i.Queue_InstanceInit  queue.o
    0x0800c330   0x00000018   Code   RO          123    i.RCC_AHBPeriphClockCmd  stm32f10x_rcc.o
    0x0800c348   0x00000018   Code   RO          124    i.RCC_APB1PeriphClockCmd  stm32f10x_rcc.o
    0x0800c360   0x00000018   Code   RO          126    i.RCC_APB2PeriphClockCmd  stm32f10x_rcc.o
    0x0800c378   0x00000018   Code   RO          127    i.RCC_APB2PeriphResetCmd  stm32f10x_rcc.o
    0x0800c390   0x00000040   Code   RO          133    i.RCC_DeInit        stm32f10x_rcc.o
    0x0800c3d0   0x00000094   Code   RO          134    i.RCC_GetClocksFreq  stm32f10x_rcc.o
    0x0800c464   0x0000001c   Code   RO         2917    i.RCC_PeriphInit    application.o
    0x0800c480   0x0000000c   Code   RO          153    i.RCC_USBCLKConfig  stm32f10x_rcc.o
    0x0800c48c   0x000000cc   Code   RO         3849    i.RTCDrv_CalendarToSec  rtcdrv.o
    0x0800c558   0x00000050   Code   RO         3851    i.RTCDrv_GetWeek    rtcdrv.o
    0x0800c5a8   0x000000e4   Code   RO         3853    i.RTCDrv_SecToCalendar  rtcdrv.o
    0x0800c68c   0x000001a0   Code   RO         6380    i.ReadDefaultConfig  fatfs_demo.o
    0x0800c82c   0x000002a8   Code   RO         6381    i.ReadSysConfig     fatfs_demo.o
    0x0800cad4   0x000004bc   Code   RO         6382    i.ReadUserConfig    fatfs_demo.o
    0x0800cf90   0x000000e8   Code   RO         7580    i.Read_Memory       memory.o
    0x0800d078   0x00000074   Code   RO         7888    i.SCSI_Address_Management  usb_scsi.o
    0x0800d0ec   0x00000030   Code   RO         7889    i.SCSI_Format_Cmd   usb_scsi.o
    0x0800d11c   0x00000034   Code   RO         7890    i.SCSI_Inquiry_Cmd  usb_scsi.o
    0x0800d150   0x00000034   Code   RO         7891    i.SCSI_Invalid_Cmd  usb_scsi.o
    0x0800d184   0x0000000c   Code   RO         7892    i.SCSI_ModeSense10_Cmd  usb_scsi.o
    0x0800d190   0x0000000c   Code   RO         7893    i.SCSI_ModeSense6_Cmd  usb_scsi.o
    0x0800d19c   0x00000068   Code   RO         7894    i.SCSI_Read10_Cmd   usb_scsi.o
    0x0800d204   0x00000070   Code   RO         7895    i.SCSI_ReadCapacity10_Cmd  usb_scsi.o
    0x0800d274   0x0000006c   Code   RO         7896    i.SCSI_ReadFormatCapacity_Cmd  usb_scsi.o
    0x0800d2e0   0x00000018   Code   RO         7897    i.SCSI_RequestSense_Cmd  usb_scsi.o
    0x0800d2f8   0x00000008   Code   RO         7898    i.SCSI_Start_Stop_Unit_Cmd  usb_scsi.o
    0x0800d300   0x00000038   Code   RO         7899    i.SCSI_TestUnitReady_Cmd  usb_scsi.o
    0x0800d338   0x00000034   Code   RO         7901    i.SCSI_Verify10_Cmd  usb_scsi.o
    0x0800d36c   0x00000068   Code   RO         7902    i.SCSI_Write10_Cmd  usb_scsi.o
    0x0800d3d4   0x00000024   Code   RO         3538    i.SDA_DIR           iic_drv.o
    0x0800d3f8   0x00000064   Code   RO        10252    i.SDEnWideBus       sdio_sdcard.o
    0x0800d45c   0x00000014   Code   RO        10253    i.SDIO_Clock_Set    sdio_sdcard.o
    0x0800d470   0x00000004   Code   RO         2772    i.SDIO_IRQHandler   stm32f10x_it.o
    0x0800d474   0x00000020   Code   RO        10254    i.SDIO_Send_Cmd     sdio_sdcard.o
    0x0800d494   0x0000002c   Code   RO        10255    i.SDIO_Send_Data_Cfg  sdio_sdcard.o
    0x0800d4c0   0x00000002   Code   RO         3166    i.SDRR_Init         sdrr.o
    0x0800d4c2   0x0000000c   Code   RO         3167    i.SDRR_PushItemToFile  sdrr.o
    0x0800d4ce   0x00000002   PAD
    0x0800d4d0   0x000000ac   Code   RO         3168    i.SDRR_SaveSensorPoint  sdrr.o
    0x0800d57c   0x00000254   Code   RO         3169    i.SDRR_SensorPointToString  sdrr.o
    0x0800d7d0   0x000000bc   Code   RO         3173    i.SDRR_WriteRecordToFile  sdrr.o
    0x0800d88c   0x00000074   Code   RO        10256    i.SD_DMA_Config     sdio_sdcard.o
    0x0800d900   0x0000004c   Code   RO        10257    i.SD_EnableWideBusOperation  sdio_sdcard.o
    0x0800d94c   0x00000218   Code   RO        10258    i.SD_GetCardInfo    sdio_sdcard.o
    0x0800db64   0x000000e0   Code   RO        10260    i.SD_Init           sdio_sdcard.o
    0x0800dc44   0x000000c8   Code   RO        10261    i.SD_InitializeCards  sdio_sdcard.o
    0x0800dd0c   0x0000013c   Code   RO        10263    i.SD_PowerON        sdio_sdcard.o
    0x0800de48   0x000000d0   Code   RO        10264    i.SD_ProcessIRQSrc  sdio_sdcard.o
    0x0800df18   0x000001a0   Code   RO        10265    i.SD_ReadBlock      sdio_sdcard.o
    0x0800e0b8   0x0000007c   Code   RO        10266    i.SD_ReadDisk       sdio_sdcard.o
    0x0800e134   0x000001f0   Code   RO        10267    i.SD_ReadMultiBlocks  sdio_sdcard.o
    0x0800e324   0x00000016   Code   RO        10268    i.SD_SelectDeselect  sdio_sdcard.o
    0x0800e33a   0x00000002   PAD
    0x0800e33c   0x00000018   Code   RO        10270    i.SD_SetDeviceMode  sdio_sdcard.o
    0x0800e354   0x00000248   Code   RO        10271    i.SD_WriteBlock     sdio_sdcard.o
    0x0800e59c   0x00000078   Code   RO        10272    i.SD_WriteDisk      sdio_sdcard.o
    0x0800e614   0x0000026c   Code   RO        10273    i.SD_WriteMultiBlocks  sdio_sdcard.o
    0x0800e880   0x00000060   Code   RO         5968    i.SHT20_CalculateHumi  sht20.o
    0x0800e8e0   0x00000068   Code   RO         5969    i.SHT20_CalculateTemp  sht20.o
    0x0800e948   0x0000003c   Code   RO         5970    i.SHT20_CheckCrc    sht20.o
    0x0800e984   0x00000040   Code   RO         5971    i.SHT20_Init        sht20.o
    0x0800e9c4   0x0000008c   Code   RO         5972    i.SHT20_RegConfig   sht20.o
    0x0800ea50   0x00000010   Code   RO         5975    i.SHT_ReadNByteDirectly  sht20.o
    0x0800ea60   0x00000018   Code   RO         5976    i.SHT_ReadNByteExt  sht20.o
    0x0800ea78   0x00000018   Code   RO         5977    i.SHT_WriteNByte    sht20.o
    0x0800ea90   0x00000064   Code   RO         8761    i.SNSGUI_DrawArcLev  snsgui.o
    0x0800eaf4   0x0000002c   Code   RO         8762    i.SNSGUI_DrawIndicateRing  snsgui.o
    0x0800eb20   0x0000000c   Code   RO        10447    i.SNS_Ctrl_Get      board_airdog_v12.o
    0x0800eb2c   0x00000018   Code   RO        10448    i.SNS_Ctrl_Set      board_airdog_v12.o
    0x0800eb44   0x00000014   Code   RO         1561    i.SPI_Cmd           stm32f10x_spi.o
    0x0800eb58   0x00000010   Code   RO         1567    i.SPI_I2S_DMACmd    stm32f10x_spi.o
    0x0800eb68   0x0000000e   Code   RO         1569    i.SPI_I2S_GetFlagStatus  stm32f10x_spi.o
    0x0800eb76   0x00000038   Code   RO         1574    i.SPI_Init          stm32f10x_spi.o
    0x0800ebae   0x00000018   Code   RO         1577    i.SPI_StructInit    stm32f10x_spi.o
    0x0800ebc6   0x0000003a   Code   RO         8300    i.STM32_DMA_Init    tft_dma.o
    0x0800ec00   0x00000080   Code   RO         5092    i.STM32_GPIO_Init   reglib.o
    0x0800ec80   0x000000a0   Code   RO         5093    i.STM32_NVICInit    reglib.o
    0x0800ed20   0x00000028   Code   RO         5094    i.STM32_NVICPriorityGroupConfig  reglib.o
    0x0800ed48   0x00000050   Code   RO         5096    i.STM32_SPI_I2S_DeInit  reglib.o
    0x0800ed98   0x00000002   Code   RO         2773    i.SVC_Handler       stm32f10x_it.o
    0x0800ed9a   0x00000002   PAD
    0x0800ed9c   0x00000078   Code   RO         4224    i.SWUART1_GPIO_Init  sw_uart.o
    0x0800ee14   0x00000028   Code   RO         4225    i.SWUART1_Init      sw_uart.o
    0x0800ee3c   0x0000006c   Code   RO         5818    i.SW_UART1_IRQHandler  hcho_sensor.o
    0x0800eea8   0x00000002   Code   RO         4275    i.SW_UART2_IRQHandler  sw_uart2.o
    0x0800eeaa   0x0000001e   Code   RO         5920    i.Sensor_Init       sensor.o
    0x0800eec8   0x00000004   Code   RO         5921    i.Sensor_PreInit    sensor.o
    0x0800eecc   0x00000010   Code   RO         7092    i.SetBTABLE         usb_regs.o
    0x0800eedc   0x00000048   Code   RO         6877    i.SetDeviceAddress  usb_core.o
    0x0800ef24   0x00000020   Code   RO         7106    i.SetEPRxAddr       usb_regs.o
    0x0800ef44   0x00000040   Code   RO         7107    i.SetEPRxCount      usb_regs.o
    0x0800ef84   0x00000030   Code   RO         7108    i.SetEPRxStatus     usb_regs.o
    0x0800efb4   0x00000024   Code   RO         7109    i.SetEPRxValid      usb_regs.o
    0x0800efd8   0x00000020   Code   RO         7110    i.SetEPTxAddr       usb_regs.o
    0x0800eff8   0x0000001c   Code   RO         7111    i.SetEPTxCount      usb_regs.o
    0x0800f014   0x00000030   Code   RO         7112    i.SetEPTxStatus     usb_regs.o
    0x0800f044   0x0000001c   Code   RO         7114    i.SetEPType         usb_regs.o
    0x0800f060   0x000000a8   Code   RO         5050    i.SetSysClockTo72   system_stm32f10x.o
    0x0800f108   0x00000040   Code   RO         7636    i.Set_CSW           usb_bot.o
    0x0800f148   0x0000000c   Code   RO         7903    i.Set_Scsi_Sense_Data  usb_scsi.o
    0x0800f154   0x00000068   Code   RO         6878    i.Setup0_Process    usb_core.o
    0x0800f1bc   0x00000038   Code   RO         8763    i.SnsGUI_ClearCircle  snsgui.o
    0x0800f1f4   0x0000000e   Code   RO         8764    i.SnsGUI_Demo       snsgui.o
    0x0800f202   0x00000002   PAD
    0x0800f204   0x00000084   Code   RO         8767    i.SnsGUI_DisplayCO2  snsgui.o
    0x0800f288   0x0000008c   Code   RO         8768    i.SnsGUI_DisplayCO2Tip  snsgui.o
    0x0800f314   0x000000a4   Code   RO         8769    i.SnsGUI_DisplayHCHO  snsgui.o
    0x0800f3b8   0x00000048   Code   RO         8770    i.SnsGUI_DisplayHumi  snsgui.o
    0x0800f400   0x00000208   Code   RO         8771    i.SnsGUI_DisplayNormal  snsgui.o
    0x0800f608   0x00000064   Code   RO         8772    i.SnsGUI_DisplayPM10  snsgui.o
    0x0800f66c   0x000000c0   Code   RO         8773    i.SnsGUI_DisplayPM25  snsgui.o
    0x0800f72c   0x00000044   Code   RO         8774    i.SnsGUI_DisplaySDCardMode  snsgui.o
    0x0800f770   0x000000a8   Code   RO         8775    i.SnsGUI_DisplayTVOC  snsgui.o
    0x0800f818   0x00000078   Code   RO         8776    i.SnsGUI_DisplayTemp  snsgui.o
    0x0800f890   0x0000008c   Code   RO         8777    i.SnsGUI_DisplayTime  snsgui.o
    0x0800f91c   0x00000050   Code   RO         8778    i.SnsGUI_DisplayVersion  snsgui.o
    0x0800f96c   0x000000b0   Code   RO         8779    i.SnsGUI_DisplayWifiTip  snsgui.o
    0x0800fa1c   0x000000c0   Code   RO         8780    i.SnsGUI_DrawArc    snsgui.o
    0x0800fadc   0x000000ca   Code   RO         8781    i.SnsGUI_DrawArc2   snsgui.o
    0x0800fba6   0x0000004c   Code   RO         8782    i.SnsGUI_DrawThickRing  snsgui.o
    0x0800fbf2   0x00000002   PAD
    0x0800fbf4   0x000000b0   Code   RO         8783    i.SnsGUI_TVOCWait   snsgui.o
    0x0800fca4   0x00000044   Code   RO         8784    i.SnsGUI_Wait       snsgui.o
    0x0800fce8   0x00000060   Code   RO         5881    i.Sns_PM25_Display  pm25_sensor.o
    0x0800fd48   0x000000fc   Code   RO         6879    i.Standard_ClearFeature  usb_core.o
    0x0800fe44   0x00000028   Code   RO         6880    i.Standard_GetConfiguration  usb_core.o
    0x0800fe6c   0x0000001c   Code   RO         6881    i.Standard_GetDescriptorData  usb_core.o
    0x0800fe88   0x00000028   Code   RO         6882    i.Standard_GetInterface  usb_core.o
    0x0800feb0   0x00000094   Code   RO         6883    i.Standard_GetStatus  usb_core.o
    0x0800ff44   0x00000038   Code   RO         6884    i.Standard_SetConfiguration  usb_core.o
    0x0800ff7c   0x00000024   Code   RO         6885    i.Standard_SetDeviceFeature  usb_core.o
    0x0800ffa0   0x00000088   Code   RO         6886    i.Standard_SetEndPointFeature  usb_core.o
    0x08010028   0x00000048   Code   RO         6887    i.Standard_SetInterface  usb_core.o
    0x08010070   0x000000dc   Code   RO         6383    i.StringToInt       fatfs_demo.o
    0x0801014c   0x00000088   Code   RO         6384    i.StringToString    fatfs_demo.o
    0x080101d4   0x00000004   Code   RO         2774    i.SysTick_Handler   stm32f10x_it.o
    0x080101d8   0x0000002c   Code   RO         4189    i.SysTick_Increment  timermanager.o
    0x08010204   0x00000038   Code   RO         4190    i.SysTick_Init      timermanager.o
    0x0801023c   0x0000000e   Code   RO         3259    i.Sys_IsBigEndian   os_global.o
    0x0801024a   0x00000002   PAD
    0x0801024c   0x00000050   Code   RO         5052    i.SystemInit        system_stm32f10x.o
    0x0801029c   0x00000004   Code   RO        10449    i.TFT_Ctrl          board_airdog_v12.o
    0x080102a0   0x00000050   Code   RO         4853    i.TIM3_IRQHandler   beep_drv.o
    0x080102f0   0x00000058   Code   RO         4116    i.TIM3_Int_Init     timer_drv.o
    0x08010348   0x00000078   Code   RO         4228    i.TIM4_IRQHandler   sw_uart.o
    0x080103c0   0x00000068   Code   RO         4117    i.TIM4_Int_Init     timer_drv.o
    0x08010428   0x00000068   Code   RO         4276    i.TIM5_IRQHandler   sw_uart2.o
    0x08010490   0x00000014   Code   RO          751    i.TIM_ARRPreloadConfig  stm32f10x_tim.o
    0x080104a4   0x00000006   Code   RO          758    i.TIM_ClearITPendingBit  stm32f10x_tim.o
    0x080104aa   0x00000014   Code   RO          763    i.TIM_Cmd           stm32f10x_tim.o
    0x080104be   0x00000016   Code   RO          765    i.TIM_CtrlPWMOutputs  stm32f10x_tim.o
    0x080104d4   0x00000010   Code   RO          788    i.TIM_ITConfig      stm32f10x_tim.o
    0x080104e4   0x00000080   Code   RO          797    i.TIM_OC2Init       stm32f10x_tim.o
    0x08010564   0x00000014   Code   RO          800    i.TIM_OC2PreloadConfig  stm32f10x_tim.o
    0x08010578   0x0000007c   Code   RO          802    i.TIM_OC3Init       stm32f10x_tim.o
    0x080105f4   0x0000009c   Code   RO          834    i.TIM_TimeBaseInit  stm32f10x_tim.o
    0x08010690   0x00000034   Code   RO         6082    i.TVOC_Sensor_Init  tvocsensor.o
    0x080106c4   0x00000006   Code   RO         6134    i.TimerCO2TipErase  co2.o
    0x080106ca   0x00000002   PAD
    0x080106cc   0x0000000c   Code   RO         4322    i.TimerCapKeyTotal_CallBack  extidrv.o
    0x080106d8   0x00000080   Code   RO         4323    i.TimerCapKeyTrigger_CallBack  extidrv.o
    0x08010758   0x00000006   Code   RO         5242    i.TimerEraseWifiTip  gizwits_port.o
    0x0801075e   0x00000002   PAD
    0x08010760   0x00000084   Code   RO         5819    i.TimerHCHO_CallBack  hcho_sensor.o
    0x080107e4   0x00000058   Code   RO         4409    i.TimerPCF8563_CallBack  pcf8563.o
    0x0801083c   0x000000b4   Code   RO         5882    i.TimerPM25_CallBack  pm25_sensor.o
    0x080108f0   0x00000170   Code   RO         4324    i.TimerPwrOffDetTrigger_CallBack  extidrv.o
    0x08010a60   0x00000130   Code   RO         5978    i.TimerSHT20Sensor_CallBack  sht20.o
    0x08010b90   0x00000108   Code   RO         4325    i.TimerTFTDispCntDown_CallBack  extidrv.o
    0x08010c98   0x00000050   Code   RO         5243    i.TimerWiFiRoutine_CallBack  gizwits_port.o
    0x08010ce8   0x00000084   Code   RO         6083    i.TimerZM01_CallBack  tvocsensor.o
    0x08010d6c   0x00000030   Code   RO         4639    i.Timer_ADCGetValue_CallBack  adc_drv.o
    0x08010d9c   0x00000010   Code   RO         4640    i.Timer_ADCMeasure_CallBack  adc_drv.o
    0x08010dac   0x0000002c   Code   RO         4641    i.Timer_ADCRealStart_CallBack  adc_drv.o
    0x08010dd8   0x000000d4   Code   RO         6135    i.Timer_BackgndCali_CallBack  co2.o
    0x08010eac   0x00000078   Code   RO         6136    i.Timer_CO2GetVal_CallBack  co2.o
    0x08010f24   0x00000004   Code   RO         6137    i.Timer_CO2SendCmd_CallBack  co2.o
    0x08010f28   0x00000068   Code   RO         8785    i.Timer_TurnCircle_CallBack  snsgui.o
    0x08010f90   0x00000034   Code   RO         7637    i.Transfer_Data_Request  usb_bot.o
    0x08010fc4   0x0000003c   Code   RO         6138    i.TransmitCmd       co2.o
    0x08011000   0x00000012   Code   RO        10168    i.UGUI_Demo         ugui_demo.o
    0x08011012   0x00000002   PAD
    0x08011014   0x00000018   Code   RO        10171    i.UGUI_Init         ugui_demo.o
    0x0801102c   0x00000014   Code   RO         9201    i.UG_FontSelect     ugui.o
    0x08011040   0x0000006c   Code   RO         9211    i.UG_Init           ugui.o
    0x080110ac   0x00000018   Code   RO         9212    i.UG_PutChar        ugui.o
    0x080110c4   0x00000088   Code   RO         9213    i.UG_PutString      ugui.o
    0x0801114c   0x00000010   Code   RO         9215    i.UG_SetBackcolor   ugui.o
    0x0801115c   0x00000010   Code   RO         9216    i.UG_SetForecolor   ugui.o
    0x0801116c   0x00000034   Code   RO         5373    i.USART1_IRQHandler  gizwits_uart.o
    0x080111a0   0x000000b8   Code   RO         4143    i.USART1_Init       uart_drv.o
    0x08011258   0x00000024   Code   RO         4579    i.USART2_IRQHandler  debug_queue.o
    0x0801127c   0x00000090   Code   RO         4144    i.USART2_Init       uart_drv.o
    0x0801130c   0x0000003c   Code   RO         6139    i.USART3_IRQHandler  co2.o
    0x08011348   0x000000a8   Code   RO         4145    i.USART3_Init       uart_drv.o
    0x080113f0   0x00000014   Code   RO          573    i.USART_Cmd         stm32f10x_usart.o
    0x08011404   0x00000030   Code   RO          579    i.USART_ITConfig    stm32f10x_usart.o
    0x08011434   0x000000ac   Code   RO          580    i.USART_Init        stm32f10x_usart.o
    0x080114e0   0x00000006   Code   RO         7478    i.USBSet_System     hw_config.o
    0x080114e6   0x00000014   Code   RO         7479    i.USBSet_USBClock   hw_config.o
    0x080114fa   0x00000002   Code   RO         2775    i.USBWakeUp_IRQHandler  stm32f10x_it.o
    0x080114fc   0x00000002   Code   RO         7480    i.USB_Cable_Config  hw_config.o
    0x080114fe   0x00000004   Code   RO         2776    i.USB_HP_CAN1_TX_IRQHandler  stm32f10x_it.o
    0x08011502   0x00000002   PAD
    0x08011504   0x00000028   Code   RO         6988    i.USB_Init          usb_init.o
    0x0801152c   0x0000001e   Code   RO         7481    i.USB_Interrupts_Config  hw_config.o
    0x0801154a   0x00000002   PAD
    0x0801154c   0x00000048   Code   RO         7715    i.USB_Istr          usb_istr.o
    0x08011594   0x00000004   Code   RO         2777    i.USB_LP_CAN1_RX0_IRQHandler  stm32f10x_it.o
    0x08011598   0x00000020   Code   RO         7422    i.USB_SIL_Init      usb_sil.o
    0x080115b8   0x00000024   Code   RO         7423    i.USB_SIL_Read      usb_sil.o
    0x080115dc   0x00000026   Code   RO         7424    i.USB_SIL_Write     usb_sil.o
    0x08011602   0x00000002   Code   RO         2778    i.UsageFault_Handler  stm32f10x_it.o
    0x08011604   0x00000034   Code   RO         4050    i.UserGUI_DrawPoint  tft_api.o
    0x08011638   0x00000004   Code   RO         4051    i.UserGUI_Init      tft_api.o
    0x0801163c   0x00000004   Code   RO         4052    i.UserGUI_LCDClear  tft_api.o
    0x08011640   0x0000001a   Code   RO         4053    i.UserGUI_ReadPoint  tft_api.o
    0x0801165a   0x00000004   Code   RO         4056    i.UserGUI_WriteData16Bit_End  tft_api.o
    0x0801165e   0x00000002   PAD
    0x08011660   0x00000028   Code   RO         7045    i.UserToPMABufferCopy  usb_mem.o
    0x08011688   0x0000000c   Code   RO         5245    i.WIFI_SetConnectStatus  gizwits_port.o
    0x08011694   0x00000010   Code   RO         5246    i.WIFI_SetIPRecvStatus  gizwits_port.o
    0x080116a4   0x00000054   Code   RO         4882    i.WifiQueue_Init    wifi_queue.o
    0x080116f8   0x00000110   Code   RO         7581    i.Write_Memory      memory.o
    0x08011808   0x0000001c   Code   RO         6084    i.ZM01_Read         tvocsensor.o
    0x08011824   0x000002d8   Code   RO         9291    i._UG_PutChar       ugui.o
    0x08011afc   0x00000020   Code   RO        10926    i.__0printf         mc_w.l(printfa.o)
    0x08011b1c   0x00000030   Code   RO        10927    i.__0snprintf       mc_w.l(printfa.o)
    0x08011b4c   0x00000008   Code   RO        11058    i.__aeabi_errno_addr  mc_w.l(errno.o)
    0x08011b54   0x0000000e   Code   RO        10996    i.__mathlib_dbl_overflow  m_ws.l(dunder.o)
    0x08011b62   0x00000002   PAD
    0x08011b64   0x00000010   Code   RO        10998    i.__mathlib_dbl_underflow  m_ws.l(dunder.o)
    0x08011b74   0x0000000e   Code   RO        11082    i.__scatterload_copy  mc_w.l(handlers.o)
    0x08011b82   0x00000002   Code   RO        11083    i.__scatterload_null  mc_w.l(handlers.o)
    0x08011b84   0x0000000e   Code   RO        11084    i.__scatterload_zeroinit  mc_w.l(handlers.o)
    0x08011b92   0x00000002   PAD
    0x08011b94   0x0000000c   Code   RO        11060    i.__set_errno       mc_w.l(errno.o)
    0x08011ba0   0x00000184   Code   RO        10933    i._fp_digits        mc_w.l(printfa.o)
    0x08011d24   0x000006dc   Code   RO        10934    i._printf_core      mc_w.l(printfa.o)
    0x08012400   0x00000024   Code   RO        10935    i._printf_post_padding  mc_w.l(printfa.o)
    0x08012424   0x0000002e   Code   RO        10936    i._printf_pre_padding  mc_w.l(printfa.o)
    0x08012452   0x00000016   Code   RO        10937    i._snputc           mc_w.l(printfa.o)
    0x08012468   0x00000100   Code   RO         8041    i.aai_write         sfud.o
    0x08012568   0x00000060   Code   RO         4643    i.adc_dma_config    adc_drv.o
    0x080125c8   0x00000064   Code   RO         4644    i.adc_dma_mode_init  adc_drv.o
    0x0801262c   0x00000058   Code   RO         4646    i.adc_get_temperature  adc_drv.o
    0x08012684   0x00000024   Code   RO         4647    i.adc_get_volt_value  adc_drv.o
    0x080126a8   0x0000002c   Code   RO         4648    i.adc_gpio_init     adc_drv.o
    0x080126d4   0x00000034   Code   RO         4649    i.adc_peripheral_disable  adc_drv.o
    0x08012708   0x0000003c   Code   RO         4650    i.adc_peripheral_enable  adc_drv.o
    0x08012744   0x00000060   Code   RO         6494    i.check_fs          ff.o
    0x080127a4   0x00000010   Code   RO         6495    i.chk_chr           ff.o
    0x080127b4   0x00000064   Code   RO         6496    i.chk_lock          ff.o
    0x08012818   0x00000024   Code   RO         6497    i.clear_lock        ff.o
    0x0801283c   0x00000026   Code   RO         6498    i.clmt_clust        ff.o
    0x08012862   0x0000001e   Code   RO         6499    i.clust2sect        ff.o
    0x08012880   0x00000044   Code   RO         6140    i.co2_fill_req_cmd  co2.o
    0x080128c4   0x00000028   Code   RO         6141    i.co2_meter_status_check  co2.o
    0x080128ec   0x00000024   Code   RO         6142    i.co2_uart_send     co2.o
    0x08012910   0x00000014   Code   RO         8467    i.color565          tft_graph.o
    0x08012924   0x00000012   Code   RO        10274    i.convert_from_bytes_to_power_of_two  sdio_sdcard.o
    0x08012936   0x000000b4   Code   RO         6143    i.crc16_modbus      co2.o
    0x080129ea   0x000000b0   Code   RO         6500    i.create_chain      ff.o
    0x08012a9a   0x00000002   PAD
    0x08012a9c   0x000001dc   Code   RO         6501    i.create_name       ff.o
    0x08012c78   0x00000098   Code   RO         6385    i.date_to_file_name  fatfs_demo.o
    0x08012d10   0x0000003c   Code   RO         6502    i.dec_lock          ff.o
    0x08012d4c   0x00000016   Code   RO         3426    i.delay_ms          delay.o
    0x08012d62   0x00000002   PAD
    0x08012d64   0x0000005c   Code   RO         3427    i.delay_us          delay.o
    0x08012dc0   0x0000012c   Code   RO         6503    i.dir_find          ff.o
    0x08012eec   0x000000f2   Code   RO         6504    i.dir_next          ff.o
    0x08012fde   0x00000002   PAD
    0x08012fe0   0x000001a0   Code   RO         6506    i.dir_register      ff.o
    0x08013180   0x00000086   Code   RO         6508    i.dir_sdi           ff.o
    0x08013206   0x00000020   Code   RO         6326    i.disk_initialize   diskio.o
    0x08013226   0x00000012   Code   RO         6327    i.disk_ioctl        diskio.o
    0x08013238   0x00000020   Code   RO         6328    i.disk_read         diskio.o
    0x08013258   0x00000004   Code   RO         6329    i.disk_status       diskio.o
    0x0801325c   0x00000020   Code   RO         6330    i.disk_write        diskio.o
    0x0801327c   0x00000048   Code   RO         8301    i.dmaFill16         tft_dma.o
    0x080132c4   0x00000068   Code   RO         8304    i.dmaInit           tft_dma.o
    0x0801332c   0x00000054   Code   RO         8305    i.dmaReceiveDataCont8  tft_dma.o
    0x08013380   0x00000044   Code   RO         8306    i.dmaSend16         tft_dma.o
    0x080133c4   0x00000040   Code   RO         8307    i.dmaSend8          tft_dma.o
    0x08013404   0x00000044   Code   RO         8308    i.dmaSendCircular16  tft_dma.o
    0x08013448   0x00000034   Code   RO         8309    i.dmaSendCmd        tft_dma.o
    0x0801347c   0x0000002c   Code   RO         8310    i.dmaSendCmdCont    tft_dma.o
    0x080134a8   0x00000028   Code   RO         8314    i.dmaSendDataCircular16  tft_dma.o
    0x080134d0   0x00000028   Code   RO         8315    i.dmaSendDataCont16  tft_dma.o
    0x080134f8   0x00000028   Code   RO         8316    i.dmaSendDataCont8  tft_dma.o
    0x08013520   0x0000000a   Code   RO         8786    i.drawCO2Arc        snsgui.o
    0x0801352a   0x0000000a   Code   RO         8788    i.drawHCHOArc       snsgui.o
    0x08013534   0x0000000a   Code   RO         8789    i.drawPM10Arc       snsgui.o
    0x0801353e   0x0000000a   Code   RO         8790    i.drawPM25Arc       snsgui.o
    0x08013548   0x00000024   Code   RO         8791    i.drawSNSArc        snsgui.o
    0x0801356c   0x0000000a   Code   RO         8792    i.drawTVOCArc       snsgui.o
    0x08013576   0x00000020   Code   RO         5608    i.exchangeBytes     common.o
    0x08013596   0x00000004   Code   RO         5609    i.exchangeWord      common.o
    0x0801359a   0x00000002   PAD
    0x0801359c   0x00000054   Code   RO         6386    i.exf_getfree       fatfs_demo.o
    0x080135f0   0x00000026   Code   RO         6510    i.f_close           ff.o
    0x08013616   0x00000020   Code   RO         6511    i.f_closedir        ff.o
    0x08013636   0x000000c8   Code   RO         6514    i.f_getfree         ff.o
    0x080136fe   0x000001a0   Code   RO         6516    i.f_lseek           ff.o
    0x0801389e   0x00000002   PAD
    0x080138a0   0x00000174   Code   RO         6517    i.f_mkdir           ff.o
    0x08013a14   0x0000052e   Code   RO         6518    i.f_mkfs            ff.o
    0x08013f42   0x00000002   PAD
    0x08013f44   0x0000005c   Code   RO         6519    i.f_mount           ff.o
    0x08013fa0   0x00000198   Code   RO         6520    i.f_open            ff.o
    0x08014138   0x00000090   Code   RO         6521    i.f_opendir         ff.o
    0x080141c8   0x00000126   Code   RO         6525    i.f_read            ff.o
    0x080142ee   0x0000007a   Code   RO         6529    i.f_sync            ff.o
    0x08014368   0x0000017e   Code   RO         6533    i.f_write           ff.o
    0x080144e6   0x00000002   PAD
    0x080144e8   0x00000038   Code   RO         6840    i.ff_convert        ccsbcs.o
    0x08014520   0x00000024   Code   RO         6841    i.ff_wtoupper       ccsbcs.o
    0x08014544   0x0000000c   Code   RO         5820    i.fifo_init         hcho_sensor.o
    0x08014550   0x0000003c   Code   RO         5822    i.fifo_push         hcho_sensor.o
    0x0801458c   0x00000068   Code   RO         4651    i.filter            adc_drv.o
    0x080145f4   0x00000258   Code   RO         6534    i.find_volume       ff.o
    0x0801484c   0x00000040   Code   RO         3989    i.flash_disk_read   spi_flash_interface.o
    0x0801488c   0x00000018   Code   RO         3990    i.flash_disk_write  spi_flash_interface.o
    0x080148a4   0x0000000c   Code   RO         3991    i.flash_get_total_capacity  spi_flash_interface.o
    0x080148b0   0x00000044   Code   RO         3992    i.flash_initialize  spi_flash_interface.o
    0x080148f4   0x0000003c   Code   RO         3993    i.flash_ioctl       spi_flash_interface.o
    0x08014930   0x00000020   Code   RO         3994    i.flash_mal_read    spi_flash_interface.o
    0x08014950   0x00000088   Code   RO         3995    i.flash_mal_write   spi_flash_interface.o
    0x080149d8   0x0000002c   Code   RO         3996    i.flash_set_total_capacity  spi_flash_interface.o
    0x08014a04   0x00000066   Code   RO         6535    i.follow_path       ff.o
    0x08014a6a   0x00000002   Code   RO         4148    i.fputc             uart_drv.o
    0x08014a6c   0x0000007c   Code   RO         6536    i.gen_numname       ff.o
    0x08014ae8   0x0000002c   Code   RO         9037    i.getBatIconWidth   font_api.o
    0x08014b14   0x0000003e   Code   RO         8793    i.getHchoLevel      snsgui.o
    0x08014b52   0x00000024   Code   RO         8794    i.getTVOCLevel      snsgui.o
    0x08014b76   0x000000c2   Code   RO         6538    i.get_fat           ff.o
    0x08014c38   0x00000004   Code   RO         6331    i.get_fattime       diskio.o
    0x08014c3c   0x0000003c   Code   RO         6540    i.get_ldnumber      ff.o
    0x08014c78   0x0000001e   Code   RO         5676    i.gizAcrossByteJudge  datapointtools.o
    0x08014c96   0x00000024   Code   RO         5677    i.gizByteOrderExchange  datapointtools.o
    0x08014cba   0x00000002   PAD
    0x08014cbc   0x000002e8   Code   RO         5461    i.gizCheckReport    gizwits_protocol.o
    0x08014fa4   0x00000188   Code   RO         5462    i.gizDataPoint2Event  gizwits_protocol.o
    0x0801512c   0x0000021c   Code   RO         5463    i.gizDataPoints2ReportData  gizwits_protocol.o
    0x08015348   0x00000084   Code   RO         5464    i.gizDevReportPolicy  gizwits_protocol.o
    0x080153cc   0x00000004   Code   RO         5431    i.gizGetTimerCount  gizwits_product.o
    0x080153d0   0x0000005c   Code   RO         5465    i.gizProtocolAckHandle  gizwits_protocol.o
    0x0801542c   0x0000003c   Code   RO         5466    i.gizProtocolCommonAck  gizwits_protocol.o
    0x08015468   0x00000044   Code   RO         5467    i.gizProtocolErrorCmd  gizwits_protocol.o
    0x080154ac   0x00000100   Code   RO         5468    i.gizProtocolGetDeviceInfo  gizwits_protocol.o
    0x080155ac   0x00000108   Code   RO         5469    i.gizProtocolGetOnePacket  gizwits_protocol.o
    0x080156b4   0x00000018   Code   RO         5470    i.gizProtocolHeadInit  gizwits_protocol.o
    0x080156cc   0x000000ac   Code   RO         5471    i.gizProtocolIssuedDataAck  gizwits_protocol.o
    0x08015778   0x000000bc   Code   RO         5472    i.gizProtocolIssuedProcess  gizwits_protocol.o
    0x08015834   0x000001e8   Code   RO         5473    i.gizProtocolModuleStatus  gizwits_protocol.o
    0x08015a1c   0x00000060   Code   RO         5474    i.gizProtocolNTP    gizwits_protocol.o
    0x08015a7c   0x00000024   Code   RO         5610    i.gizProtocolSum    common.o
    0x08015aa0   0x00000044   Code   RO         5475    i.gizProtocolWaitAck  gizwits_protocol.o
    0x08015ae4   0x00000028   Code   RO         5476    i.gizProtocolWaitAckCheck  gizwits_protocol.o
    0x08015b0c   0x00000020   Code   RO         5477    i.gizPutData        gizwits_protocol.o
    0x08015b2c   0x00000078   Code   RO         5478    i.gizReportData     gizwits_protocol.o
    0x08015ba4   0x00000050   Code   RO         5678    i.gizStandardCompressValue  datapointtools.o
    0x08015bf4   0x0000007e   Code   RO         5679    i.gizStandardDecompressionValue  datapointtools.o
    0x08015c72   0x00000006   Code   RO         5682    i.gizX2Y            datapointtools.o
    0x08015c78   0x00000008   Code   RO         5684    i.gizY2X            datapointtools.o
    0x08015c80   0x0000000c   Code   RO         5374    i.giz_uart_write    gizwits_uart.o
    0x08015c8c   0x00000046   Code   RO         5432    i.gizwitsEventProcess  gizwits_product.o
    0x08015cd2   0x00000002   PAD
    0x08015cd4   0x00000050   Code   RO         5479    i.gizwitsGetModuleInfo  gizwits_protocol.o
    0x08015d24   0x000001cc   Code   RO         5481    i.gizwitsHandle     gizwits_protocol.o
    0x08015ef0   0x00000028   Code   RO         5482    i.gizwitsInit       gizwits_protocol.o
    0x08015f18   0x000000c8   Code   RO         5484    i.gizwitsSetMode    gizwits_protocol.o
    0x08015fe0   0x000000f4   Code   RO         5247    i.gizwits_user_event_process  gizwits_port.o
    0x080160d4   0x00000034   Code   RO         5248    i.gizwits_user_init  gizwits_port.o
    0x08016108   0x0000002c   Code   RO         5249    i.gizwits_user_task  gizwits_port.o
    0x08016134   0x00000090   Code   RO         7990    i.gpio_configuration  sfud_port.o
    0x080161c4   0x000001a8   Code   RO         8042    i.hardware_init     sfud.o
    0x0801636c   0x00000032   Code   RO         3540    i.i2c_ack           iic_drv.o
    0x0801639e   0x00000032   Code   RO         3541    i.i2c_nack          iic_drv.o
    0x080163d0   0x00000066   Code   RO         3542    i.i2c_read_byte     iic_drv.o
    0x08016436   0x00000054   Code   RO         3543    i.i2c_send_byte     iic_drv.o
    0x0801648a   0x0000003c   Code   RO         3544    i.i2c_start         iic_drv.o
    0x080164c6   0x00000032   Code   RO         3545    i.i2c_start_write   iic_drv.o
    0x080164f8   0x00000038   Code   RO         3546    i.i2c_stop          iic_drv.o
    0x08016530   0x00000054   Code   RO         3547    i.i2c_wait_ack      iic_drv.o
    0x08016584   0x00000094   Code   RO         6541    i.inc_lock          ff.o
    0x08016618   0x00000064   Code   RO         5250    i.key0_hook         gizwits_port.o
    0x0801667c   0x0000004c   Code   RO         5251    i.key1_hook         gizwits_port.o
    0x080166c8   0x00000034   Code   RO         3761    i.key_gpio_init     key_drv.o
    0x080166fc   0x0000001a   Code   RO         3762    i.key_process       key_drv.o
    0x08016716   0x00000002   PAD
    0x08016718   0x00000048   Code   RO         3763    i.key_read          key_drv.o
    0x08016760   0x0000007c   Code   RO         3764    i.key_scan          key_drv.o
    0x080167dc   0x00000014   Code   RO         6542    i.ld_clust          ff.o
    0x080167f0   0x00000074   Code   RO        10654    i.ldexp             m_ws.l(ldexp.o)
    0x08016864   0x0000004c   Code   RO         3154    i.main              main.o
    0x080168b0   0x0000002a   Code   RO         8043    i.make_adress_byte_array  sfud.o
    0x080168da   0x00000002   PAD
    0x080168dc   0x00000020   Code   RO         5252    i.mcuRestart        gizwits_port.o
    0x080168fc   0x00000010   Code   RO         6543    i.mem_cpy           ff.o
    0x0801690c   0x0000000e   Code   RO         6544    i.mem_set           ff.o
    0x0801691a   0x00000036   Code   RO         6545    i.move_window       ff.o
    0x08016950   0x00000026   Code   RO         3382    i.os_timer_arm      os_timer.o
    0x08016976   0x000000e8   Code   RO         8044    i.page256_or_1_byte_write  sfud.o
    0x08016a5e   0x000000f8   Code   RO         6547    i.put_fat           ff.o
    0x08016b56   0x0000000a   Code   RO         4580    i.queue_disable_rx_int  debug_queue.o
    0x08016b60   0x0000000a   Code   RO         4883    i.queue_disable_rx_int  wifi_queue.o
    0x08016b6a   0x0000001a   Code   RO         4581    i.queue_disable_tx_int  debug_queue.o
    0x08016b84   0x0000001a   Code   RO         4884    i.queue_disable_tx_int  wifi_queue.o
    0x08016b9e   0x0000000a   Code   RO         4582    i.queue_enable_rx_int  debug_queue.o
    0x08016ba8   0x0000000a   Code   RO         4885    i.queue_enable_rx_int  wifi_queue.o
    0x08016bb2   0x0000000a   Code   RO         4583    i.queue_enable_tx_int  debug_queue.o
    0x08016bbc   0x0000000a   Code   RO         4886    i.queue_enable_tx_int  wifi_queue.o
    0x08016bc6   0x00000042   Code   RO         4484    i.queue_pull_tx     queue.o
    0x08016c08   0x00000070   Code   RO         4486    i.queue_push_tx     queue.o
    0x08016c78   0x0000009c   Code   RO         4490    i.queue_send_n      queue.o
    0x08016d14   0x0000001a   Code   RO         4491    i.queue_send_string  queue.o
    0x08016d2e   0x00000032   Code   RO         5742    i.rbCanRead         ringbuffer.o
    0x08016d60   0x0000001c   Code   RO         5743    i.rbCanWrite        ringbuffer.o
    0x08016d7c   0x0000000c   Code   RO         5744    i.rbCapacity        ringbuffer.o
    0x08016d88   0x00000012   Code   RO         5745    i.rbCreate          ringbuffer.o
    0x08016d9a   0x0000007e   Code   RO         5747    i.rbRead            ringbuffer.o
    0x08016e18   0x0000008e   Code   RO         5748    i.rbWrite           ringbuffer.o
    0x08016ea6   0x00000148   Code   RO         8160    i.read_basic_table  sfud_sfdp.o
    0x08016fee   0x0000002e   Code   RO         8161    i.read_sfdp_data    sfud_sfdp.o
    0x0801701c   0x0000006e   Code   RO         6549    i.remove_chain      ff.o
    0x0801708a   0x00000008   Code   RO         7991    i.retry_delay_100us  sfud_port.o
    0x08017092   0x00000002   PAD
    0x08017094   0x0000000c   Code   RO         3936    i.sd_get_init_status  sd_card_interface.o
    0x080170a0   0x00000010   Code   RO         3937    i.sd_initialize     sd_card_interface.o
    0x080170b0   0x0000003c   Code   RO         3938    i.sd_ioctl          sd_card_interface.o
    0x080170ec   0x00000044   Code   RO         8045    i.set_write_enabled  sfud.o
    0x08017130   0x00000074   Code   RO         8046    i.sfud_chip_erase   sfud.o
    0x080171a4   0x00000016   Code   RO         8047    i.sfud_device_init  sfud.o
    0x080171ba   0x00000100   Code   RO         8048    i.sfud_erase        sfud.o
    0x080172ba   0x00000002   PAD
    0x080172bc   0x00000008   Code   RO         8052    i.sfud_get_device_table  sfud.o
    0x080172c4   0x0000002c   Code   RO         8053    i.sfud_init         sfud.o
    0x080172f0   0x00000068   Code   RO         8054    i.sfud_read         sfud.o
    0x08017358   0x000000a2   Code   RO         8162    i.sfud_read_sfdp    sfud_sfdp.o
    0x080173fa   0x00000018   Code   RO         8055    i.sfud_read_status  sfud.o
    0x08017412   0x00000038   Code   RO         8163    i.sfud_sfdp_get_suitable_eraser  sfud_sfdp.o
    0x0801744a   0x00000002   PAD
    0x0801744c   0x000000b0   Code   RO         7994    i.sfud_spi_port_init  sfud_port.o
    0x080174fc   0x0000002a   Code   RO         8056    i.sfud_write        sfud.o
    0x08017526   0x0000004a   Code   RO         8057    i.sfud_write_status  sfud.o
    0x08017570   0x00000010   Code   RO        10513    i.sht_queue_init    fifo_queue.o
    0x08017580   0x00000004   Code   RO         7995    i.spi_lock          sfud_port.o
    0x08017584   0x00000004   Code   RO         7996    i.spi_unlock        sfud_port.o
    0x08017588   0x0000007e   Code   RO         7997    i.spi_write_read    sfud_port.o
    0x08017606   0x00000010   Code   RO         6550    i.st_clust          ff.o
    0x08017616   0x0000001a   Code   RO         6551    i.sum_sfn           ff.o
    0x08017630   0x000000b6   Code   RO         6552    i.sync_fs           ff.o
    0x080176e6   0x00000060   Code   RO         6553    i.sync_window       ff.o
    0x08017746   0x0000001a   Code   RO         3264    i.sys_gen_sum_8     os_global.o
    0x08017760   0x00000030   Code   RO         5433    i.uartWrite         gizwits_product.o
    0x08017790   0x00000050   Code   RO         7447    i.usb_main          usbapp.o
    0x080177e0   0x000000e0   Code   RO         5253    i.userHandle        gizwits_port.o
    0x080178c0   0x000000cc   Code   RO         5254    i.userInit          gizwits_port.o
    0x0801798c   0x00000028   Code   RO         6554    i.validate          ff.o
    0x080179b4   0x0000002a   Code   RO         8058    i.wait_busy         sfud.o
    0x080179de   0x0000001a   Code   RO        10518    i.word_queue_queue_init  fifo_queue.o
    0x080179f8   0x00000018   Data   RO         3859    .constdata          rtcdrv.o
    0x08017a10   0x00000028   Data   RO         4783    .constdata          batterylevel.o
    0x08017a38   0x0000008c   Data   RO         5884    .constdata          pm25_sensor.o
    0x08017ac4   0x0000000b   Data   RO         6145    .constdata          co2.o
    0x08017acf   0x00000001   PAD
    0x08017ad0   0x00000150   Data   RO         6389    .constdata          fatfs_demo.o
    0x08017c20   0x000000ba   Data   RO         6556    .constdata          ff.o
    0x08017cda   0x000004c0   Data   RO         6842    .constdata          ccsbcs.o
    0x0801819a   0x00000012   Data   RO         7679    .constdata          usb_desc.o
    0x080181ac   0x00000020   Data   RO         7680    .constdata          usb_desc.o
    0x080181cc   0x00000004   Data   RO         7681    .constdata          usb_desc.o
    0x080181d0   0x00000026   Data   RO         7682    .constdata          usb_desc.o
    0x080181f6   0x00000026   Data   RO         7683    .constdata          usb_desc.o
    0x0801821c   0x00000010   Data   RO         7684    .constdata          usb_desc.o
    0x0801822c   0x00000180   Data   RO         8059    .constdata          sfud.o
    0x080183ac   0x00000063   Data   RO         8235    .constdata          tft_core.o
    0x0801840f   0x00000001   PAD
    0x08018410   0x0000000c   Data   RO         8796    .constdata          snsgui.o
    0x0801841c   0x00004912   Data   RO         9038    .constdata          font_api.o
    0x0801cd2e   0x00000800   Data   RO         9301    .constdata          ugui.o
    0x0801d52e   0x00000c00   Data   RO         9302    .constdata          ugui.o
    0x0801e12e   0x00002000   Data   RO         9303    .constdata          ugui.o
    0x0802012e   0x00002800   Data   RO         9304    .constdata          ugui.o
    0x0802292e   0x00003400   Data   RO         9305    .constdata          ugui.o
    0x08025d2e   0x00000002   PAD
    0x08025d30   0x00000014   Data   RO         9306    .constdata          ugui.o
    0x08025d44   0x00000014   Data   RO         9307    .constdata          ugui.o
    0x08025d58   0x00000014   Data   RO         9308    .constdata          ugui.o
    0x08025d6c   0x00000014   Data   RO         9309    .constdata          ugui.o
    0x08025d80   0x00000014   Data   RO         9310    .constdata          ugui.o
    0x08025d94   0x00000081   Data   RO        11031    .constdata          mc_w.l(ctype_o.o)
    0x08025e15   0x00000003   PAD
    0x08025e18   0x00000004   Data   RO        11032    .constdata          mc_w.l(ctype_o.o)
    0x08025e1c   0x00000041   Data   RO         2921    .conststring        application.o
    0x08025e5d   0x00000003   PAD
    0x08025e60   0x00000100   Data   RO         8060    .conststring        sfud.o
    0x08025f60   0x00000020   Data   RO        11080    Region$$Table       anon$$obj.o


    Execution Region RW_IRAM1 (Base: 0x20000000, Size: 0x00004828, Max: 0x0000c000, ABSOLUTE, COMPRESSED[0x00000154])

    Base Addr    Size         Type   Attr      Idx    E Section Name        Object

    0x20000000   0x00000014   Data   RW          155    .data               stm32f10x_rcc.o
    0x20000014   0x00000001   Data   RW         2922    .data               application.o
    0x20000015   0x00000003   PAD
    0x20000018   0x0000000c   Data   RW         3175    .data               sdrr.o
    0x20000024   0x00000002   Data   RW         3230    .data               cfg_variable.o
    0x20000026   0x00000002   Data   RW         3231    .data               cfg_variable.o
    0x20000028   0x00000002   Data   RW         3232    .data               cfg_variable.o
    0x2000002a   0x00000002   Data   RW         3233    .data               cfg_variable.o
    0x2000002c   0x00000001   Data   RW         3234    .data               cfg_variable.o
    0x2000002d   0x00000003   PAD
    0x20000030   0x0000000c   Data   RW         3265    .data               os_global.o
    0x2000003c   0x00000008   Data   RW         3383    .data               os_timer.o
    0x20000044   0x00000004   Data   RW         3664    .data               ili9341_4line_spi.o
    0x20000048   0x00000004   Data   RW         3665    .data               ili9341_4line_spi.o
    0x2000004c   0x00000008   Data   RW         3765    .data               key_drv.o
    0x20000054   0x0000000a   Data   RW         3860    .data               rtcdrv.o
    0x2000005e   0x00000002   PAD
    0x20000060   0x00000008   Data   RW         3942    .data               sd_card_interface.o
    0x20000068   0x00000004   Data   RW         3998    .data               spi_flash_interface.o
    0x2000006c   0x00000008   Data   RW         4191    .data               timermanager.o
    0x20000074   0x00000002   Data   RW         4192    .data               timermanager.o
    0x20000076   0x00000003   Data   RW         4229    .data               sw_uart.o
    0x20000079   0x00000002   Data   RW         4277    .data               sw_uart2.o
    0x2000007b   0x00000001   PAD
    0x2000007c   0x0000000a   Data   RW         4329    .data               extidrv.o
    0x20000086   0x00000002   PAD
    0x20000088   0x00000018   Data   RW         4411    .data               pcf8563.o
    0x200000a0   0x00000001   Data   RW         4585    .data               debug_queue.o
    0x200000a1   0x00000003   PAD
    0x200000a4   0x00000012   Data   RW         4653    .data               adc_drv.o
    0x200000b6   0x00000001   Data   RW         4784    .data               batterylevel.o
    0x200000b7   0x00000001   PAD
    0x200000b8   0x00000008   Data   RW         4854    .data               beep_drv.o
    0x200000c0   0x00000001   Data   RW         4888    .data               wifi_queue.o
    0x200000c1   0x00000001   Data   RW         4933    .data               flash_font.o
    0x200000c2   0x00000002   PAD
    0x200000c4   0x00000014   Data   RW         5053    .data               system_stm32f10x.o
    0x200000d8   0x00000006   Data   RW         5256    .data               gizwits_port.o
    0x200000de   0x00000002   PAD
    0x200000e0   0x00000010   Data   RW         5486    .data               gizwits_protocol.o
    0x200000f0   0x0000000a   Data   RW         5826    .data               hcho_sensor.o
    0x200000fa   0x00000001   Data   RW         5885    .data               pm25_sensor.o
    0x200000fb   0x00000001   PAD
    0x200000fc   0x00000014   Data   RW         5981    .data               sht20.o
    0x20000110   0x00000018   Data   RW         6086    .data               tvocsensor.o
    0x20000128   0x00000008   Data   RW         6146    .data               co2.o
    0x20000130   0x00000001   Data   RW         6392    .data               fatfs_demo.o
    0x20000131   0x00000003   PAD
    0x20000134   0x0000000c   Data   RW         6557    .data               ff.o
    0x20000140   0x00000004   Data   RW         6888    .data               usb_core.o
    0x20000144   0x00000001   Data   RW         6990    .data               usb_init.o
    0x20000145   0x00000003   PAD
    0x20000148   0x0000000c   Data   RW         6991    .data               usb_init.o
    0x20000154   0x00000002   Data   RW         6993    .data               usb_init.o
    0x20000156   0x00000004   Data   RW         7016    .data               usb_int.o
    0x2000015a   0x00000002   PAD
    0x2000015c   0x00000010   Data   RW         7548    .data               mass_mal.o
    0x2000016c   0x00000004   PAD
    0x20000170   0x00000038   Data   RW         7583    .data               memory.o
    0x200001a8   0x00000005   Data   RW         7613    .data               scsi_data.o
    0x200001ad   0x00000024   Data   RW         7614    .data               scsi_data.o
    0x200001d1   0x00000024   Data   RW         7615    .data               scsi_data.o
    0x200001f5   0x00000004   Data   RW         7616    .data               scsi_data.o
    0x200001f9   0x00000008   Data   RW         7617    .data               scsi_data.o
    0x20000201   0x00000012   Data   RW         7618    .data               scsi_data.o
    0x20000213   0x00000008   Data   RW         7619    .data               scsi_data.o
    0x2000021b   0x0000000c   Data   RW         7620    .data               scsi_data.o
    0x20000227   0x00000001   PAD
    0x20000228   0x0000000c   Data   RW         7639    .data               usb_bot.o
    0x20000234   0x0000001a   Data   RW         7685    .data               usb_desc.o
    0x2000024e   0x00000002   PAD
    0x20000250   0x0000001c   Data   RW         7717    .data               usb_istr.o
    0x2000026c   0x0000001c   Data   RW         7718    .data               usb_istr.o
    0x20000288   0x00000002   Data   RW         7719    .data               usb_istr.o
    0x2000028a   0x00000002   PAD
    0x2000028c   0x0000006c   Data   RW         7750    .data               usb_prop.o
    0x200002f8   0x00000002   Data   RW         7751    .data               usb_prop.o
    0x200002fa   0x00000002   PAD
    0x200002fc   0x00000024   Data   RW         7752    .data               usb_prop.o
    0x20000320   0x00000004   Data   RW         7849    .data               usb_pwr.o
    0x20000324   0x0000000c   Data   RW         7998    .data               sfud_port.o
    0x20000330   0x00000074   Data   RW         8061    .data               sfud.o
    0x200003a4   0x00000002   Data   RW         8236    .data               tft_core.o
    0x200003a6   0x00000002   Data   RW         8237    .data               tft_core.o
    0x200003a8   0x0000004c   Data   RW         8797    .data               snsgui.o
    0x200003f4   0x00000002   Data   RW         9039    .data               font_api.o
    0x200003f6   0x00000002   PAD
    0x200003f8   0x0000000c   Data   RW         9312    .data               ugui.o
    0x20000404   0x00000010   Data   RW        10276    .data               sdio_sdcard.o
    0x20000414   0x00000001   Data   RW        10450    .data               board_airdog_v12.o
    0x20000415   0x00000003   PAD
    0x20000418   0x00000004   Data   RW        11021    .data               mc_w.l(stdout.o)
    0x2000041c   0x00000004   Data   RW        11061    .data               mc_w.l(errno.o)
    0x20000420   0x0000021e   Zero   RW         3174    .bss                sdrr.o
    0x2000063e   0x00001000   Zero   RW         3997    .bss                spi_flash_interface.o
    0x2000163e   0x00000002   PAD
    0x20001640   0x0000008c   Zero   RW         4328    .bss                extidrv.o
    0x200016cc   0x0000001c   Zero   RW         4410    .bss                pcf8563.o
    0x200016e8   0x00000144   Zero   RW         4584    .bss                debug_queue.o
    0x2000182c   0x000000c8   Zero   RW         4652    .bss                adc_drv.o
    0x200018f4   0x00000144   Zero   RW         4887    .bss                wifi_queue.o
    0x20001a38   0x00000078   Zero   RW         5255    .bss                gizwits_port.o
    0x20001ab0   0x0000009d   Zero   RW         5434    .bss                gizwits_product.o
    0x20001b4d   0x000004f7   Zero   RW         5485    .bss                gizwits_protocol.o
    0x20002044   0x00000068   Zero   RW         5825    .bss                hcho_sensor.o
    0x200020ac   0x00000068   Zero   RW         5883    .bss                pm25_sensor.o
    0x20002114   0x0000002c   Zero   RW         5979    .bss                sht20.o
    0x20002140   0x0000001c   Zero   RW         6085    .bss                tvocsensor.o
    0x2000215c   0x000000b0   Zero   RW         6144    .bss                co2.o
    0x2000220c   0x00000544   Zero   RW         6387    .bss                fatfs_demo.o
    0x20002750   0x0000008a   Zero   RW         6555    .bss                ff.o
    0x200027da   0x00000002   PAD
    0x200027dc   0x0000001c   Zero   RW         6989    .bss                usb_init.o
    0x200027f8   0x00000010   Zero   RW         7547    .bss                mass_mal.o
    0x20002808   0x00000400   Zero   RW         7582    .bss                memory.o
    0x20002c08   0x00000070   Zero   RW         7638    .bss                usb_bot.o
    0x20002c78   0x0000102c   Zero   RW         8318    .bss                tft_dma.o
    0x20003ca4   0x00000028   Zero   RW         8795    .bss                snsgui.o
    0x20003ccc   0x00000064   Zero   RW        10177    .bss                ugui_demo.o
    0x20003d30   0x00000278   Zero   RW        10275    .bss                sdio_sdcard.o
    0x20003fa8   0x0000007c   Zero   RW        10521    NO_INIT             fifo_queue.o
    0x20004024   0x00000004   PAD
    0x20004028   0x00000800   Zero   RW         5079    STACK               startup_stm32f10x_hd.o


==============================================================================

Image component sizes


      Code (inc. data)   RO Data    RW Data    ZI Data      Debug   Object Name

       964        132          0         18        200       8870   adc_drv.o
       664        286         65          1          0      29779   application.o
       140         24         40          1          0       2493   batterylevel.o
       174         28          0          8          0       2481   beep_drv.o
       292         38          0          1          0       4062   board_airdog_v12.o
        92         12       1216          0          0       2295   ccsbcs.o
         0          0          0          9          0        456   cfg_variable.o
      1252        146         11          8        176      15997   co2.o
        72          0          0          0          0       3456   common.o
         0          0          0          0          0         32   core_cm3.o
       286          0          0          0          0       5041   datapointtools.o
       176         42          0          1        324       3842   debug_queue.o
       114         14          0          0          0       2398   delay.o
       122          0          0          0          0       4032   diskio.o
      1500        592          0         10        140       6378   extidrv.o
         0          0          0          0          0      20063   f10x_flash_if.o
      4740       2060        336          1       1348      14781   fatfs_demo.o
      7996        160        186         12        138      42320   ff.o
        42          4          0          0        124       2873   fifo_queue.o
         2          0          0          1          0       4254   flash_font.o
       620         30      18706          2          0       7011   font_api.o
      1106        174          0          6        120      21033   gizwits_port.o
       122         18          0          0        157       2688   gizwits_product.o
      4556        186          0         16       1271      19304   gizwits_protocol.o
        64         12          0          0          0       1445   gizwits_uart.o
       376         24          0         10        104       4230   hcho_sensor.o
       164          8          0          0          0       3622   hw_config.o
       898          0          0          0          0      11133   iic_drv.o
         0          0          0          8          0        263   ili9341_4line_spi.o
       274         18          0          8          0       2536   key_drv.o
        76         16          0          0          0        475   main.o
       232         18          0         16         16       3542   mass_mal.o
       504         48          0         56       1024       3762   memory.o
       100          6          0          0          0     281456   misc.o
       180         54          0         12          0      19059   os_global.o
       216         16          0          8          0       3365   os_timer.o
       568         42          0         24         28       6458   pcf8563.o
       760         44        140          1        104       5248   pm25_sensor.o
       270         30          0          0          0       2881   pwm.o
       288         22          0          0          0       2301   pwm_tim5.o
       464         14          0          0          0       4340   queue.o
       408         22          0          0          0       3518   reglib.o
       376          0          0          0          0       4834   ringbuffer.o
       512         30         24         10          0       5757   rtcdrv.o
         0          0          0        127          0       1046   scsi_data.o
        88         14          0          8          0       2605   sd_card_interface.o
      5004        240          0         16        632      33567   sdio_sdcard.o
       970        146          0         12        542       7676   sdrr.o
        34          0          0          0          0       1275   sensor.o
      1754         16        640        116          0      18864   sfud.o
       462         58          0         12          0       4737   sfud_port.o
       592          0          0          0          0       4433   sfud_sfdp.o
       832         66          0         20         44       7645   sht20.o
      3288        476         12         76         40      22257   snsgui.o
       440        102          0          4       4096       6310   spi_flash_interface.o
        36          8        304          0       2048        792   startup_stm32f10x_hd.o
       392         28          0          0          0       8189   stm32f10x_adc.o
       404         34          0          0          0       5563   stm32f10x_dma.o
       112          4          0          0          0        968   stm32f10x_exti.o
       288         12          0          0          0       3819   stm32f10x_gpio.o
        34          0          0          0          0      12060   stm32f10x_it.o
       320         58          0         20          0       8171   stm32f10x_rcc.o
       130          0          0          0          0       3675   stm32f10x_spi.o
       512         58          0          0          0       6818   stm32f10x_tim.o
       240          6          0          0          0       3622   stm32f10x_usart.o
       332         42          0          3          0       2707   sw_uart.o
       158         24          0          2          0       1495   sw_uart2.o
        12          0          0          0          0        460   sys.o
       248         24          0         20          0       1785   system_stm32f10x.o
        90          8          0          0          0       2963   tft_api.o
       540         46         99          4          0       5061   tft_core.o
       844        132          0          0       4140      28121   tft_dma.o
       248         14          0          0          0       4508   tft_graph.o
       192         12          0          0          0       1300   timer_drv.o
       112         18          0         10          0      17357   timermanager.o
       212         30          0         24         28       2566   tvocsensor.o
       498         26          0          0          0       2614   uart_drv.o
      1048         40      36964         12          0      20216   ugui.o
        42         10          0          0        100       2016   ugui_demo.o
       818         78          0         12        112       5151   usb_bot.o
      2186        284          0          4          0      14415   usb_core.o
         0          0        146         26          0        948   usb_desc.o
         8          0          0          0          0        861   usb_endp.o
        40         18          0         15         28       4034   usb_init.o
       472         56          0          4          0       2165   usb_int.o
        72         18          0         58          0       1352   usb_istr.o
        72         10          0          0          0       1748   usb_mem.o
       598        128          0        146          0      11094   usb_prop.o
        44          8          0          4          0       2009   usb_pwr.o
       570        102          0          0          0       9242   usb_regs.o
       872        130          0          0          0       9559   usb_scsi.o
       106          8          0          0          0       2042   usb_sil.o
        80         28          0          0          0        507   usbapp.o
       140         32          0          1        324       2756   wifi_queue.o

    ----------------------------------------------------------------------
     58436       7022      58928       1048      17416     921308   Object Totals
         0          0         32          0          0          0   (incl. Generated)
        88          0          7         44          8          0   (incl. Padding)

    ----------------------------------------------------------------------

      Code (inc. data)   RO Data    RW Data    ZI Data      Debug   Library Member Name

        30          6          0          0          0        136   dunder.o
       116          0          0          0          0         84   ldexp.o
        86          0          0          0          0          0   __dczerorl2.o
        28          0          0          0          0         68   _chval.o
       158          0          0          0          0         92   _strtoul.o
         8          4        133          0          0         68   ctype_o.o
         0          0          0          0          0          0   entry.o
         0          0          0          0          0          0   entry10a.o
         0          0          0          0          0          0   entry11a.o
         8          4          0          0          0          0   entry2.o
         4          0          0          0          0          0   entry5.o
         0          0          0          0          0          0   entry7b.o
         0          0          0          0          0          0   entry8b.o
         8          4          0          0          0          0   entry9a.o
        20         10          0          4          0        136   errno.o
        30          0          0          0          0          0   handlers.o
        36          8          0          0          0         68   init.o
         0          0          0          0          0          0   iusefp.o
        98          0          0          0          0         84   ldiv.o
        30          0          0          0          0         68   llshl.o
        36          0          0          0          0         68   llsshr.o
        32          0          0          0          0         68   llushr.o
        26          0          0          0          0         80   memcmp.o
        36          0          0          0          0         68   memcpya.o
        36          0          0          0          0        108   memseta.o
      2328         94          0          0          0        604   printfa.o
         0          0          0          4          0          0   stdout.o
        20          0          0          0          0         68   strchr.o
        14          0          0          0          0         68   strlen.o
        24          0          0          0          0         76   strncpy.o
        32          0          0          0          0         68   strrchr.o
        36          0          0          0          0         80   strstr.o
       112          0          0          0          0         88   strtol.o
        44          0          0          0          0         80   uidiv.o
        98          0          0          0          0         92   uldiv.o
        48          0          0          0          0         68   cdcmple.o
        48          0          0          0          0         68   cdrcmple.o
        20          0          0          0          0         68   cfcmple.o
        20          0          0          0          0         68   cfrcmple.o
       334          0          0          0          0        148   dadd.o
       222          0          0          0          0        100   ddiv.o
       186          0          0          0          0        176   depilogue.o
        62          0          0          0          0         80   dfixi.o
        50          0          0          0          0         76   dfixui.o
        48          0          0          0          0         68   dfixul.o
        34          0          0          0          0         76   dflti.o
        26          0          0          0          0         76   dfltui.o
       228          0          0          0          0         96   dmul.o
        46          0          0          0          0         80   dscalb.o
        38          0          0          0          0         68   f2d.o
       176          0          0          0          0        140   fadd.o
       110          0          0          0          0        168   fepilogue.o
        10          0          0          0          0         68   ffltui.o

    ----------------------------------------------------------------------
      5252        130        136          8          0       4112   Library Totals
        12          0          3          0          0          0   (incl. Padding)

    ----------------------------------------------------------------------

      Code (inc. data)   RO Data    RW Data    ZI Data      Debug   Library Name

       146          6          0          0          0        220   m_ws.l
      3388        124        133          8          0       2200   mc_w.l
      1706          0          0          0          0       1692   mf_w.l

    ----------------------------------------------------------------------
      5252        130        136          8          0       4112   Library Totals

    ----------------------------------------------------------------------

==============================================================================


      Code (inc. data)   RO Data    RW Data    ZI Data      Debug   

     63688       7152      59064       1056      17416     891852   Grand Totals
     63688       7152      59064        340      17416     891852   ELF Image Totals (compressed)
     63688       7152      59064        340          0          0   ROM Totals

==============================================================================

    Total RO  Size (Code + RO Data)               122752 ( 119.88kB)
    Total RW  Size (RW Data + ZI Data)             18472 (  18.04kB)
    Total ROM Size (Code + RO Data + RW Data)     123092 ( 120.21kB)

==============================================================================

